http://www.cs.washington.edu/homes/lopez/textf/all-cards.html
http://www.pitt.edu/%7Ethurn/SWB/
http://www.pitt.edu/%7Ethurn/SWC/
http://www.toysrgus.com/images-bootleg.html
http://www.cs.washington.edu/homes/lopez/info.html
http://www.cs.washington.edu/homes/lopez/textfiles.html
http://www.stwing.upenn.edu/starwars/collect/vartions.txt
http://www.stwing.upenn.edu/starwars/collect/swfigrs.txt
http://www.phoaks.com/phoaks2/newsgroups/rec/toys/action-figures/resources0.html
http://www.cs.washington.edu/homes/lopez/textf/SWfigures.html
http://www.freelaunch.com/
