http://members.tripod.com/~tritemp/index.htm
http://www.angelfire.com/de/exposition/cyberart.html
