http://www-personal.umich.edu/~kathyb/joe/lando.htm
http://members.tripod.com/~RicoNLando/index.html
http://www.comnet.ca/~carolm/pixs.html
http://pages.prodigy.com/Kewltoy/books.htm
http://www.rit.edu/~dxp4044/
http://lldesign.com/
http://www.comnet.ca/~carolm/index.html
http://www.landolighting.com/
http://www.angelfire.com/mo/CaptainLando/index.html
http://www.geocities.com/Area51/Hollow/5249/forsale.html
http://www2.netdoor.com/~edmonson/actionfigurelist.html
http://www.yakface.com/vintage/figures.html
http://www.janeseymour.org/z/tv0599.htm
http://w3.one.net/~coleman/landoballs.html
http://members.it.tripod.de/emacar/index.html
http://members.aol.com/kidcodeine/page/index.htm
http://www.landofamily.com/index.htm
http://www.duke.edu/~tpl/bollweevils.html
http://www.maxpages.com/dons
http://www.maxpages.com/dons/don_miles
http://www.stwing.upenn.edu/starwars/films/rotj.txt
http://www.janeseymour.org/dq/dqmovie1.htm
http://www.roughcut.com/star_wars/rewind/index.html
http://members.tripod.com/~dasasc/index.html
http://www.dislessici.org/
http://maxpages.com/theforce/Outdoor_Bar
http://users.ids.net/~mtavares/oldchewie.html
http://www.the-cantina.com/library/swdrink.html
http://www.gis.net/~mcfadden/jmm/swchron4.html
http://www.reidenbaugh.com/
http://www.specialweb.com/tv/actors.html
http://linux.microbsys.com/
http://www.bmi.net/pfries/swdrink.html
http://starwars.jacksonville.com/
http://www.sfsite.com/depts/wars01.htm
http://www.angelfire.com/al/babcom5/b5.html
http://www.geocities.com/Area51/Realm/3175/
http://pages.whowhere.com/entertainment/joebount/have.html
http://www.twilightonline.com/
http://linuxfab.cx/
http://web.nmsu.edu/~rtelles/swdrink.html
http://www.conch-cigars.com/
http://www.cbourne.com/
http://www.sp50.com/topsites/rankem.html
http://www.suzann.com/soaps/oltl/oltl.htm
http://homepages.infoseek.com/~label98/bands.htm
http://augustachronicle.com/starwars/
http://ourworld.compuserve.com/homepages/pgubbins/tutmonda.htm
http://www2.netdoor.com/~lainh/SWtopten.html
http://www.fokus.gmd.de/linux/
http://www.synicon.com.au/sw/mf/falcon.htm
http://www.safelink.net/danrose/mp3.html
