http://www.isi.edu/div7/lsam/tools/autosearch/index.html
http://theory.uwinnipeg.ca/CPAN/data/WWW-Search/bin/AutoSearch.html
http://www.isi.edu/lsam/tools/autosearch/TEST/index.html
http://www.isi.edu/people/johnh/WORK/index.html
http://gost.isi.edu/people/johnh/WORK/index.html
http://www.isi.edu/~wls/
http://www.isi.edu/div7/lsam/tools/WWW_SEARCH/index.html
