http://www.isi.edu/div7/cities/tools/autosearch/index.html
http://www.isi.edu/~lsam/tools/autosearch/TEST/index.html
http://gost.isi.edu/people/johnh/WORK/index.html
http://www.engelschall.com/ar/perldoc/pages/util/AutoSearch.html
http://www.isi.edu/div7/cities/tools/WWW_SEARCH/index.html
http://gin.isi.edu/lsam/tools/autosearch/TEST/index.html
http://gin.isi.edu/~johnh/WORK/index.html
http://sofa.dartnet.co.uk/manual/perl5/site_perl/WWW/autosearch.pl.html
http://www.isi.edu/~wls/index.html
