http://www.isi.norgren.com/
http://www.procite.com/welcome.html
http://www.kfa-juelich.de/isi/isi_e.html
http://www.ast.cam.ac.uk/~ioalib/otherlit.html
http://www.isibrno.cz/~hanca/index.html
http://www.hscc.net/
http://www.isi-bltv.co.uk/ricochet/services.htm
http://www.isibrno.cz/~malczyk/index.html
http://inform.bnl.gov/RESLIB/reslib.html
http://www.hindustantimes.com/
http://www.uni-duisburg.de/duisburg/livetext.htm
http://www.bnl.gov/RESLIB/reslib.html
http://www.afn.org/~iori/siointro.html
http://www.ala.org/acrl/feb97pro.html
http://www.acintl.ro/
http://www-scf.usc.edu/~tejada/
http://www.ucl.ac.uk/~ucylwww/Databases.html
http://www.cedar.buffalo.edu/ShowTell/prototype.html
http://www.isi.edu/sims/arens/index.html
http://www.iub.edu/~cheminfo/ca_chbdi.html
http://www.lib.gla.ac.uk/Subject/Virology/index.html
http://uhura.cc.rochester.edu/~ib001h/
http://wwwcs.newcastle.edu.au/~vlad/kddm.html
http://www.dfki.de/~wahlster/Readings.html
http://www.ianmag.com/Edchoice/0998osci.htm
http://www.scils.rutgers.edu/nj-asis/news.html
http://www.interlog.com/~isi/periodical.html
http://www.fz-juelich.de/auf_einen_blick/auf_einen_blick-e.html
http://www.gbhap-us.com/journals/218/
http://wwwsoc.nacsis.ac.jp/jsme2/link.html
http://chemsources.com/links/other.html
http://www.cacr.caltech.edu/Contact/other_sites.html
http://msrc.wvu.edu/CPMT/index.html
http://www.sun.com/roadtojava/locations/
http://www.opmcorp.com/service/web.html
http://www.library.ucsb.edu/subj/matersci.html
http://www.isi.edu/~touch/pubs/rfc2140.html
http://mscworld.com/education/malaysia.htm
http://thsunl.jinr.dubna.su/~shcher/resume.html
http://www-theory.dcs.st-andrews.ac.uk/~aaa/
http://www.defencejournal.com/feb-mar99/letter.htm
http://www.lib.usf.edu/~ifrank/guides/latinamerica.html
http://www.metronet.com/~rawlins/about.html
http://www.lmu.ac.uk/ebdc/links.htm
http://www.ougf.fi/orainfo/0035.html
http://www.mcbsys.com/html/custlist.html
http://cadlab.cs.ucla.edu/slped96/advprog.html
http://www.colorado.edu/GeolSci/geochem.html
http://www.shef.ac.uk/~lib/subjects/subpgce.html
http://figaro.csee.usf.edu/~vlsi98/vlsi_site/sessions.html
http://www.nedd.com/
http://www.shopquincy.com/golfusa/new.shtml
http://users.aol.com/mmcchesney/resume.html
http://www.singaren.net.sg/apng/in-memoriam.html
http://www.unece.org./stats/links.htm
http://users.aol.com/jcnabity/npgs/links.htm
http://ee10-11.ee.ccu.edu.tw/~whsheen/
http://www.ietf.org/rfc/rfc0937.txt
http://ranier.hq.nasa.gov/Sensors_page/Terms.html
http://www.nrc.gov/OPA/ud021199.htm
http://carmen.umds.ac.uk/d.atkinson/da_bookmarks.html
http://www-sul.stanford.edu/guides/cdroms.html
http://www.ispo.cec.be./infosoc/links.html
http://www.polymers.com/dotcom/all.html
http://www.cs.berkeley.edu/~mccanne/bookmarks.html
http://www.casti.com/RFCs/fyi9.txt
http://wwwhistec.hss.titech.ac.jp/~ktanaka/rfc/rfc1336.txt
http://library.ucf.edu/internet/Poli_Sci/
http://www.startap.net/igrid/index.html
http://jan.mannlib.cornell.edu/jps/jps.htm
http://www.pparc.ac.uk/role/ukastro.html
http://www.phy.hw.ac.uk/~karsten/Bookmarks.html
http://www.bizweb.com/keylists/imaging.html
http://www.beaker.iupui.edu/mla-msls/mslsprograms.html
http://www.linux-howto.com/rfc/rfc1395.txt
http://andrew2.andrew.cmu.edu/rfc/rfc1497.html
http://www.links2go.com/more/dsbb.imf.org/
http://www.babson.edu/library/systems.htm
http://www.sargents.demon.co.uk/Philip/gis-bookmarks.html
http://sci.hirosaki-u.ac.jp/~rmiya/rmiya.bookmarks.html
http://www.amolf.nl/ibmm98/program.html
http://www-me.stanford.edu/WWW-ME/special.html
http://www.matematik.su.se/matstat/annualreport.html
http://stuorg.ucsd.edu/~acm/Jobs/970607.jobs.html
http://www.utep.edu/psych/malpass.html
http://www.rugreview.com/stuf/afgwar.htm
http://www.ifla.org/II/orgs.htm
http://www.library.yale.edu/colldev/prices.html
http://www.lib.umich.edu/libhome/Documents.center/forasia.html
http://www.ietf.org/rfc/rfc0917.txt
http://andrew2.andrew.cmu.edu/rfc/rfc1340.html
http://www.cwu.edu/~warren/sources.html
http://www.cec.sped.org/faq/chromabn.htm
http://www.amolf.nl/ibmm98/proceed.html
http://www.intellworks.com/siren/siren092298.html
http://andrew2.andrew.cmu.edu/rfc/rfc1211.html
http://ihwhp1.bau-verm.uni-karlsruhe.de/~kolleg/10_ckvle.htm
http://www.esofta.com/dev_dir/comp.html
http://www.rsc.anu.edu.au/~harry/INFO/PORSCHE/
http://www.geocities.com/RainForest/1329/LStomatoes.htm
http://www.links2go.com/more/www.stat.unipg.it/
http://www.mathematik.uni-halle.de/links/siteslist.html
http://www.electronicbanker.com/html/archive.htm
http://www.edu.uch.gr/~gts/crete96/participants.html
http://www.snc.edu/library/elecrsrc.htm
http://www.spacelinks.com/SpaceCareers/Careers_Ground.html
http://www.nikhefk.nikhef.nl/~ed/direct/italy.html
http://www.aps.org/BAPSMAR97/tocK.html
http://www.pk.edu.pl/~pmj/dns/dns_faq.txt
http://www.access.digex.net/~ikind/babel.html
http://www.euronet.nl/users/euser/measur.txt
http://www.dsmc.dsm.mil/relsites/rlstsgen.htm
http://wwwbdc.bao.ac.cn/astroweb/cat-radio.html
http://www.nas.edu/cpsma/icfapps.htm
http://www.oralhistory.uconn.edu/~WWWHR/speclpay.html
http://www.cis.upenn.edu/~sjokim/network.txt
http://www.ietf.org/rfc/rfc0997.txt
http://www.mdc.net/~cherokee/florida.txt
http://www2.traveller.com/vdoms/index.html
http://library.fortlewis.edu/~online/descript.html
http://www.umaryland.edu/hshsl/colldev.html
http://www.uab.edu/lister/databases.htm
http://www.linux-howto.com/rfc/rfc787.txt
http://www.rsl.ait.ac.th/~vivarad/GISCat/abbrev.html
http://www.library.arizona.edu/users/arawan/descript.htm
http://ethics.engl.cwru.edu/bib/newbib.html
http://www.vilspa.esa.es/astroweb/yp_optical.html
http://www.cogsci.ed.ac.uk/~simone/AITS/chapter.html
http://www.teleport.com./~glowniak/babel95c.txt
http://www.lb.cs.cmu.edu/~softagents/DAIlist/0032.html
http://www.ankara.edu.tr/~astro/AstroResource/telescope.html
http://www.mysql.com/Manual_chapter/manual_News.html
http://www.cis.nctu.edu.tw/~is84086/NetProg/rfc959.txt
http://www-nishio.ise.eng.osaka-u.ac.jp/~shirai/research/babel.html
http://www.lib.berkeley.edu/LBO/vendcode.html
http://biz.yahoo.com./news/computer.html
http://osiris.rutgers.edu/~zoli/works/help.html
http://www.sissa.it/~furio/journal_sort.html
http://www.cis.ohio-state.edu/hypertext/faq/usenet/alt-usage-english-faq/faq.html
http://www.linux-howto.com/rfc/rfc1020.txt
