


http://addistribune.ethiopiaonline.net/Archives/1997/11/28-11-97/pm269.htm 
http://www.healthnet.org/programs/promed-hma/9802/msg00145.html 
http://www.comesa.int/comms/commrotl.htm 
http://cgi.biwa.or.jp/~t-tamoto/wacky/race10/out02.htm 
http://www.sas.upenn.edu/African_Studies/eue_web/95/r5floods.htm 
http://www.lainet.com/~initaly/msgboard/maillist.htm 
http://homepages.go.com/~charbell/bidi02.htm 
http://primarycare.medscape.com/other/ProMED/1998/02.98/ProMED.v98.n047.html 
http://id.medscape.com/other/ProMED/1998/02.98/ProMED.v98.n047.html 
http://www.ethemb.se/news_nov97.htm 
http://edcintl.cr.usgs.gov/adds/c1/r2/et/doc/admn/etadmn4.html 
http://www.infolink.com.br/~peco/LIGONG.HTM 
http://www.initaly.com/~initaly/msgboard/maillist.htm 
http://disc.server.com/Indices/24209.html 
http://www.ionet.net/~jjbryan/looney.html 
http://www.math.okstate.edu/~bryjenn/looney.html 
http://www.webquarry.com/~catfish/guestbook.html 
http://www.azstarnet.com/~balstad/jenbook.htm 
http://www.irdu.nus.sg/silkair/guestbook5.html 
