http://www.uoe.ch/kennerfreezeframefigures.htm 
http://www.thepetchannel.com/News/disableriders.html 
http://www.umcsc.org/users/jedi/ 
http://rubylane.com/enter/toys/vintage/other/80.36.19.html 
http://www.amazon.com/exec/obidos/ISBN=0553568167/002-0918377-0726245 
http://www.cs.bilkent.edu.tr/~david/derya/storys3/story1911.htm 
http://www.comic-cafe.de/comiccafe/comic-cgis/gaestebuch.html 
