http://www.scifi.com/sfw/current/site.html
http://people.a2000.nl/tvdbrink/greedo.html
http://buteo.colorado.edu/~yosh/psi/system2/aliens/greedo/
http://www.theyknow.com/FB/jabba.html
http://www.imagesjournal.com/issue02/reviews/starwars.htm
http://www.geocities.com/Area51/Zone/6057/
http://www.nerf-herder.com/gswp/hide/theguys.html
http://www.angelfire.com/mn/Orlikowski/BountyHunters.html
http://www.personal.kent.edu/~nwillis/RPGBeedo.html
http://www-personal.umich.edu/~psholtes/StarWars/Starsounds.html
http://members.tripod.com/~stv1/index.html
http://geocities.com/Area51/Hollow/5915/starwars.html
http://www.world-net.net/users/kennyb/starwars.html
http://www.sirstevesguide.com/ac/ac.html
http://empire.res.wabash.edu/nri/char/han.htm
http://www.cae.wisc.edu/~ramsey/starpics.html
http://www.mygale.org/08/swritch/swtrivia.html
http://empire.res.wabash.edu/text/sw_notab.htm
http://www.decipher.com/starwars/productlibrary/cardlists/jabbaspalace/darkextra/beedox.htm
http://empire.res.wabash.edu/nri/char/wuher.htm
http://nerf-herder.com/swmhq/new.html
http://www.cinema1.com/movies97/returnofthejedi/us.html
http://www2.epix.net/~fnglk/sw_figs.html
http://www.fortunecity.com/roswell/jekyll/202/sex.html
http://people.mainz.netsurf.de/~engler/sw_anth.html
http://www.universal.nl/users/DWijnberg/encyd_l.htm
http://shell12.ba.best.com/~zzmaster/SF/star_wars_tales.html
http://www.ocslink.com/~au/Starwars.htm
http://www.personal.kent.edu/~nwillis/Quiz.html
http://www.nerf-herder.com/tuskentrader/lists/cwalke.htm
http://www.sayville.com/startrek.html
http://www.eisa.net.au/~echo3/characters/hunters2.html
http://www.swdatabase.com/pages/rotjbloopers.html
http://www.praetorian.net/io/lounge/cantina/people.html
http://www.princeton.edu/~nieder/sw/swthematic.html
http://www.roughcut.com/star_wars/main/stars.html
http://www.psextreme.com/excavate/mastertk.html
http://www.netwalk.com/~meena/starwars.html
http://nerf-herder.com/sbij/ts4.html
http://www.personal.kent.edu/~nwillis/CoolLinks.html
http://pilot.msu.edu/user/mccannr1/rules/swtse.txt
http://www.fanfix.com/stories/humor/wedgexpl.txt
http://www.j51.com/~tfth/swt.txt
http://www.inergy.com/troopers/
http://home.ptd.net/~dbohr/wars.html
http://www.amazon.com/exec/obidos/ASIN/0553564684/sitesthatwork
http://www.ea.pvt.k12.pa.us/htm/units/upper/clubs/scholium/2-14/phil2-14.htm
http://www.mindspring.com/~rosco29/rules/swtse.txt
http://www.geocities.com/Area51/Vault/6023/index.html
http://www.greatwest.ca/See/Issues/1997/970130/op.html
http://www.canoe.ca/JamStarWars/jan31_starwars_hobson.html
http://users.vnet.net/hehman/pinball/rules/sw.txt
http://cobweb.clemson.edu/~jvalice/starB.htm
http://www.columbia.edu/~mej16/sw.html
http://www.bama.ua.edu/~mcphe002/sw.htm
http://www3.sk.sympatico.ca/earlr/page4.html
http://members.tripod.com/~balki33/weapons.html
http://www.primenet.com/~btn/afun/afunny.html
http://www.yakface.com/ysnn/newsarchives.htm
http://www.primenet.com/~btn/area.html
http://www.jedinet.com/literature/raves.htm
http://www.cis.ohio-state.edu/text/faq/usenet/starwars/www/part3/faq.html
http://lonestar.texas.net/~cgregg/anh-d.txt
http://www.innercite.net/~rmouse/humor/year97/9.6.97.html
http://pw2.netcom.com/~kestral/Wes2.html
http://www.personal.kent.edu/~psekula/figures.html
http://www.acsu.buffalo.edu/~rwleach/swtoys.html
http://users.solve.net/~redding/sw/swccg/newslett/deckhlp4.txt
http://www.mufty.com/swccg/interviews/robsilmser.html
http://www.yakface.com/ysnn/newsarchives1.htm
http://www.corona.bc.ca/films/details/sw1.html
http://www.stwing.upenn.edu/starwars/films/quizbook.txt
http://www.mufty.com/swccg/interviews/edmiller.html
http://www.wiseacres.com/feb.htm
http://www.starwars.hasbro.com/low/toy/listp.html
http://www.worldaxes.com/anduril/jabbadk.htm
http://www.shavenwookie.com/swlinksmedia.html
http://hot.virtual-pc.com/mufty/swccg/interviews/tonycase.html
http://www.csi.ull.es/alumnado/alu339/journal5.txt
http://www.thevision.net/dread/starwars/sounds.htm
http://www.egosystem.com/starwars/rotj.html
http://freespace.virgin.net/chris.harper1/starwars/complete.htm
http://www.wiseacres.com/sep.htm
http://lonestar.texas.net/~cgregg/dark_anh_spoiler.html
http://www.worldaxes.com/anduril/dagdk.htm
http://www.fanfix.com/stories/newrep/revenge.txt
http://www.gafm.com/starwars_nip.html
http://frodo.hiof.no/~deak/blooper/online/bloop31.txt
http://astro.caltech.edu/~rrg/starwars_coll.html
http://www.bus.miami.edu/~jdavis/starwars/May-quotes.html
http://empire.res.wabash.edu/nri/audio/charndex.htm
http://www.hamline.edu/~jstoller/class.html
http://www.fanfix.com/stories/newrep/dp2entir.txt
http://www.primenet.com/~btn/faq/ptof.html
http://www.fanfix.com/stories/rebel/ord.txt
http://lonestar.texas.net/~cgregg/dark_dagobah_spoiler.html
http://www.gamecards.com/lists/starwars/Dagobah_Spoiler.html
http://www.starwarsstore.com/encyclo.html
http://members.tripod.com/~itsallgood_/allgood-2.html
http://www.nerf-herder.com/tuskentrader/lists/dausti.htm
http://splash.javasoft.com/beans/bdk_download.html
http://users.solve.net/~redding/sw/swccg/newslett/jedinew2.txt
http://www.duke.edu/~egm/prequel/spoil4.html
http://www.primenet.com/~btn/ad.html
http://nerf-herder.com/potf2/figurescklist.html
