http://www.dsf.de/a5/headlines/5334/bginfo.html
http://www.oon.at/generali-ladies/kournikova.html
http://www.mopo.de/dcweb/client/mopo/11.5.98/ressort/sport/sportlinks.html
http://www.mopo.de/dcweb/client/mopo/30.5.98/ressort/sport/sportlinks.html
http://ourworld.compuserve.com/Homepages/d_munkel/gesagt.htm
