http://www.isi.edu/ib/example.html
http://www.isi.edu/div7/cities/ib/tuner/about.html
http://www.isi.edu/~lsam/ib/rmc/investigate.html
http://www.isi.edu/~lsam/ib/rmc/links.html
http://www.isi.edu/ib/discussion.html
http://www.isi.edu/div7/ib/plan.html
http://www.isi.edu/~lsam/ib/index.html
http://www.isi.edu/~lsam/ib/people.html
http://www.isi.edu/div7/lsam/ib/rmc/about.html
http://www.isi.edu/div7/lsam/ib/rmc/design.html
http://www.isi.edu/~lsam/ib/rmc/design.html
http://www.isi.edu/ib/
http://www.isi.edu/div7/lsam/ib/projects.html
http://www.isi.edu/div7/lsam/ib/about.html
http://www.isi.edu/div7/lsam/ib/rmc/req.html
http://www.isi.edu/div7/lsam/ib/related-work.html
http://www.darpa.mil/ito/psum1997/C370-0.html
http://www.isi.edu/~lsam/about/
