http://hotfiles.lycos.com/cgi-bin/texis/swlib/lycos/info.html?fcode=000Q9G
http://hotfiles.lycos.com/cgi-bin/texis/swlib/lycos/info.html?fcode=000ENB
http://hotfiles.lycos.com/cgi-bin/texis/swlib/lycos/info.html?fcode=0009RD
http://hotfiles.lycos.com/cgi-bin/texis/swlib/lycos/info.html?fcode=0002GG
http://hotfiles.lycos.com/cgi-bin/texis/swlib/lycos/info.html?fcode=000X1Y
http://hotfiles.lycos.com/cgi-bin/texis/swlib/lycos/info.html?fcode=0012H8
http://hotfiles.lycos.com/cgi-bin/texis/swlib/lycos/info.html?fcode=000NL0
http://hotfiles.lycos.com/cgi-bin/texis/swlib/lycos/info.html?fcode=000ZXH
http://hotfiles.lycos.com/cgi-bin/texis/swlib/lycos/info.html?fcode=00117W
http://hotfiles.lycos.com/cgi-bin/texis/swlib/lycos/info.html?fcode=000CJU
http://hotfiles.lycos.com/cgi-bin/texis/swlib/lycos/info.html?fcode=000TOE
http://hotfiles.lycos.com/cgi-bin/texis/swlib/lycos/info.html?fcode=0011BB
http://hotfiles.lycos.com/cgi-bin/texis/swlib/lycos/info.html?fcode=000CRM
http://hotfiles.lycos.com/cgi-bin/texis/swlib/lycos/info.html?fcode=000G7T
http://hotfiles.lycos.com/cgi-bin/texis/swlib/lycos/info.html?fcode=0010XO
http://hotfiles.lycos.com/cgi-bin/texis/swlib/lycos/info.html?fcode=000RCP
http://hotfiles.lycos.com/cgi-bin/texis/swlib/lycos/info.html?fcode=000VWC
http://hotfiles.lycos.com/cgi-bin/texis/swlib/lycos/info.html?fcode=000P64
http://hotfiles.lycos.com/cgi-bin/texis/swlib/lycos/info.html?fcode=000HB6
http://hotfiles.lycos.com/cgi-bin/texis/swlib/lycos/info.html?fcode=000RD0
http://hotfiles.lycos.com/cgi-bin/texis/swlib/lycos/info.html?fcode=000CRJ
http://hotfiles.lycos.com/cgi-bin/texis/swlib/lycos/info.html?fcode=000I0H
http://hotfiles.lycos.com/cgi-bin/texis/swlib/lycos/info.html?fcode=0000CI
http://hotfiles.lycos.com/cgi-bin/texis/swlib/lycos/info.html?fcode=000O9F
http://hotfiles.lycos.com/cgi-bin/texis/swlib/lycos/info.html?fcode=000O9F
http://hotfiles.lycos.com/cgi-bin/texis/swlib/lycos/info.html?fcode=00013H
http://hotfiles.lycos.com/cgi-bin/texis/swlib/lycos/info.html?fcode=000SEG
http://hotfiles.lycos.com/cgi-bin/texis/swlib/lycos/info.html?fcode=0005WU
http://hotfiles.lycos.com/cgi-bin/texis/swlib/lycos/info.html?fcode=000NRQ
http://hotfiles.lycos.com/cgi-bin/texis/swlib/lycos/info.html?fcode=000M0F
http://hotfiles.lycos.com/cgi-bin/texis/swlib/lycos/info.html?fcode=000Q0B
http://hotfiles.lycos.com/cgi-bin/texis/swlib/lycos/info.html?fcode=0012B0
http://hotfiles.lycos.com/cgi-bin/texis/swlib/lycos/info.html?fcode=000M90
