http://goto.com/d/search-redirect;$sessionid$S5Z4G5IAA03Z1QFIEFAAPUQ?xargs=00u3hs9yoahSumGpxqaqgGlCBECyMScuqBc5OTMkGzgcp5omWJicl6JQW5qjlpxlZAempRfqelqouKcQGpmBxaGpiabEAENcW7QNA5LS8xrz820D89JSc1NewPXTgDCwMzc1NDA1MTA0NTE3MTYwOEc8wnXA2NXUzdzSycTV0sjV3A3AleOEAcyCHigZgZADuSzw%3D%3D
http://goto.com/d/search-redirect;$sessionid$S5Z4G5IAA03Z1QFIEFAAPUQ?xargs=00u3hs9yoahSumGpxqaqgGlCBEqyPzElMS8%2FJKQSKB%2BQWp2fm5QHlIFpADNDIAtIXrYFiWpJicn5doV56bk5%2Bakoeaj3CBuaurm7GliYm5pZOrqxuRKcRlMBkAKYwb
http://goto.com/d/search-redirect;$sessionid$S5Z4G5IAA03Z1QFIEFAAPUQ?xargs=00u3hs9yoahSumGpxqaqgGlCBEEyNKi%2BqAKkECgekpOfmpKXmp5WAzENWNE5Ly8wrzoW0IUpgnuBsaupm7mlg4m7pZGrpBuYdsAyk1ACVJPg%3D%3D
http://goto.com/d/search-redirect;$sessionid$S5Z4G5IAA03Z1QFIEFAAPUQ?xargs=00u3hs9yoahSumGpxqaqgGlCBECyOz8nNT8%2FNKQCKBHiA5UAWQ0TEtRDE5Py%2FQrz02Jz81JQ81AOEDc1dXN2NLExNzSydXVzcj3YhlMNMAJN0y
http://goto.com/d/search-redirect;$sessionid$S5Z4G5IAA03Z1QFIEFAAPUQ?xargs=00u3hs9yoahSumGpxqaqgGlCBE0yPzUzOTMkuLU4pBYoGZIam5wcWlhUWJQKljnnJRCmJhiGlmDGYgpJj2JarmJ%2Bfl2hXnpqTnpqQh5mWc4G5q6mbsaWLibulkauoG5BFxGUwyACt9Cw%3D%3D
http://goto.com/d/search-redirect;$sessionid$S5Z4G5IAA03Z1QFIEFAAPUQ?xargs=00u3hs9yoahSumGpxqaqgGlCBE8yOL8jJK85KLE3RLMpNAq4A6eRIpyUWZQEZGRkpJcn6QMZyRYlhibjYIYgaZl3JaXmJefm2hfnpKTmpqwh7maa4Gxq4mbuaWTiaulkauEG7BVwGUIgAtwj0%3D
http://goto.com/d/search-redirect;$sessionid$S5Z4G5IAA03Z1QFIEFAAPUQ?xargs=00u3hs9yoahSumGpxqaqgGlCBEyyOTU%2FJyS9NBU4FqpUJABSCiOz83NS8%2FJTGgvzMkDz8ZrINiWrlicn5eoV56bU5%2BakoeakHCBuaurm7GliYm5pZOrq5uRrcQlMAAAfigxSo%3D
http://goto.com/d/search-redirect;$sessionid$S5Z4G5IAA03Z1QFIEFAAPUQ?xargs=00u3hs9yoahSumGpxqaqgGlCBEEyPS83NTMtJSi4pBYoHF2cJAsMA%2FIDU7PzfID7EGwYwh%2BliWJajmJ%2Bfl2hXnpqTnpqQh5mTc4G5q6mbsaWLibulkauoG5A5xGUzOACphtA%3D%3D
http://goto.com/d/search-redirect;$sessionid$S5Z4G5IAA03Z1QFIEFAAPUQ?xargs=00u3hs9yoahSumGpxqaqgGlCBE0yOigYkFqekgxUDF3LEgVJORk5qfGJqTl5jkB%2BQUp2f1gixDVLFOS8vMK89NtM%2FPSUnNTbhD3MnVwNjVxM3c0snE1dLI1eINmBwAMgn9RCs%3D
http://goto.com/d/search-redirect;$sessionid$S5Z4G5IAA03Z1QFIEFAAPUQ?xargs=00u3hs9yoahSumGpxqaqgGlCBESyNSMvIL8rNKQSKB%2BQWp2eVAFkCm0MzsdLxGsOmIBobJanmJefm2hfnpKTmpqQh5mNe4Gxq6mbuaWDibulkaukG5AhwGU%2FoAKWok
http://goto.com/d/search-redirect;$sessionid$S5Z4G5IAA03Z1QFIEFAAPUQ?xargs=00u3hs9yoahSumGpxqaqgGlLlEuampScVFJXqZRfkFIClA1TdB0P%2FPIEdgHx%2FbINHZNdffyKwPYhuhhVqhYnJ%2BXqFeem1OfmpKHmpJwgbmrq5uxpYmJuaWTq6ubkbXEJTAAAFPTCgp
http://goto.com/d/search-redirect;$sessionid$S5Z4G5IAA03Z1QFIEFAAPUQ?xargs=00u3hs9yoahSumGpxqaqgGlCBEcyOLUyqKk4sTUjLzi1MaQeKAYih%2BQH5AInYQ1EWIRobJanmJefm2hfnpKTmpqQh5mYe4Gxq6mbuaWDibulkaukG5BNwGUyQALWut
http://goto.com/d/search-redirect;$sessionid$S5Z4G5IAA03Z1QFIEFAAPUQ?xargs=00u3hs9yoahSumGpxqaqgGlCBEcyPzEoFyikpqQUKBRQWJ%2BSVFlsVA5pA2WZFSXGQMmBmDmYBNY1isaJyWl5hXn5ton56Sk5qacIe5lquBsauJm7mlk4mrpZGrxBswRQBl8VORKw%3D%3D
http://goto.com/d/search-redirect;$sessionid$S5Z4G5IAA03Z1QFIEFAAPUQ?xargs=00u3hs9yoahSumGpxqaqgGlLlEuampScVFJXqlRQWpJYkgGUD1nOG8xOLUopKS1AzkryA%2FIDU7sycEuARsHsQTQ%2BS1vMS8%2FNtC%2FPSUnNTUhDzMu1wNjV1M3c0snE1dLI1dINyCTgMp7wAts1g%3D
http://goto.com/d/search-redirect;$sessionid$S5Z4G5IAA03Z1QFIEFAAPUQ?xargs=00u3hs9yoahSumGpxqaqgGlMlEOWmJuXmZZSBeQH5BanZ%2BbpQek5VcWdICMQXQ2S1UMTk%2FL9CvPTYnPzUlDzUS4QNzV1c3Y0sTE3NLJ1dXNyMjiMpgRAAnm50%3D
http://goto.com/d/search-redirect;$sessionid$S5Z4G5IAA03Z1QFIEFAAPUQ?xargs=00u3hs9yoahSumGpxqaqgGlCBEMyOBdYqKiytSS4tz6kHCgfkFqdn5uUB5VlZeaU56fGpmTglxBMgtiGaGyWp5iXn5toX56Sk5qakIeZlXuBsaupm7mlg4m7pZGrpBuQQcBlODACyqeQ%3D%3D
http://goto.com/d/search-redirect;$sessionid$S5Z4G5IAA03Z1QFIEFAAPUQ?xargs=00u3hs9yoaT0UKyzDC%2FBB6mm0UoQsvBwSV%2Bz1hAddJmDZq7grWe%2F1Wt%2FYROzDzDL6YRWZFBdV5sAthnV5g%2BnSTtkJEDxF51JgbnHg%2BlXjyigeKKCRdEKD5IeYLDFfyHzJMfmnFQIQnHPSzFjfM0Myso%2FbdE2aYgIceU55Ihy3%2FZ2blbcbqbdRtY9bpPxkb2ZhG0T8%3D
http://goto.com/d/search-redirect;$sessionid$S5Z4G5IAA03Z1QFIEFAAPUQ?xargs=00u3hs9yoahSumGpxqaqgGlLlEFYmJBanpIMVAdXJuakZJYlpxUX52QR5uH5Dv4OrtGuIxAdDbLUIxOT8v0K89Nic%2FNSUPNRbhA3NXVzdjSxMTc0snV1c3IzOIymB4ACfwxg%3D%3D
http://goto.com/d/search-redirect;$sessionid$S5Z4G5IAA03Z1QFIEFAAPUQ?xargs=00u3hs9yoahSumGpxqaqgGlLlExZUlmXqpJRWJRaVAeXogVfNh51SixCAcIKs9MRjVEay6YqWhclpeYl5%2BbaF%2BekpOamrCHuY1rgbGriZu5pZOJq6WRq4QbsCHAZSmACgVEw%3D%3D
http://goto.com/d/search-redirect;$sessionid$S5Z4G5IAA03Z1QFIEFAAPUQ?xargs=00u3hs9yoahSumGpxqaqgGlCBESyNMCxOKUnNKQSKBeamZKel5hhChoYGBrqElsS9IfMQDI%2BS1vMS8%2FNtC%2FPSUnNTUhDzMe1wNjV1M3c0snE1dLI1dINyBTgMpvQAnbuQ%3D
http://goto.com/d/search-redirect;$sessionid$S5Z4G5IAA03Z1QFIEFAAPUQ?xargs=00u3hs9yoahSumGpxqaqgGlEBEuU0giSBFea5yamJGRnKQJpBdnZ%2BbmgefBNbZMVDIOS0vMa8%2FNtA%2FPSUnNTXhD3MSVwNjVxM3c0snE1dLI1eIN2AjAMryCvEm
http://goto.com/d/search-redirect;$sessionid$S5Z4G5IAA03Z1QFIEFAAPUQ?xargs=00u3hs9yoahSumGpxqaqgGlCBEMyOK81MzS1JSMlPLQJOB6rnCxUnJepnplmCFoYGlCYF4xCMj5LW8xLz820L89JSc1NSEPMxzXA2NXUzdzSycTV0sjV0g3IEuAynKACjjHA%3D%3D
http://goto.com/d/search-redirect;$sessionid$S5Z4G5IAA03Z1QFIEFAAPUQ?xargs=00u3hs9yoahSumGpxqaqgGlCBECyPLElNTc7NBKoFqAULhjjJAvze9KBU0KMhMSDVP0gGWhmaWvvGViYbxegae4a5BCkAiZFrEYyPktbzEvPzbQvz0lJzU1IQ8zTNcDY1dTN3NLJxNXSyNXSDchC4DKbwAL%2BNm
http://goto.com/d/search-redirect;$sessionid$S5Z4G5IAA03Z1QFIEFAAPUQ?xargs=00u3hs9yoahSumGpxqaqgGlCBEyyOTU%2FKS80tAUoFqOUJ5mcXZOkCvMxS4ZmgqcidYeMQTI%2BS1vMS8%2FNtC%2FPSUnNTUhDzMc1wNjV1M3c0snE1dLI1dINyBLgMpLQApM50%3D
http://goto.com/d/search-redirect;$sessionid$S5Z4G5IAA03Z1QFIEFAAPUQ?xargs=00u3hs9yoahSumGpxqaqgGlCBEqyPLKovzUnJKQCKB%2BQGp2eVAlkBie2puRnFRYkg2xCsjeLVTxOT8vEK89Nuc%2FNSUPNRzhA3MXVzdjSxMTc0snF1d3I0uICmBAAPMInEp
http://goto.com/d/search-redirect;$sessionid$S5Z4G5IAA03Z1QFIEFAAPUQ?xargs=00u3hs9yoahSumGpxqaqgGlBlEufkFqemJxak5esmVxfnlINFAnMSM%2FKTEyvwgKigbmp6ak5RUUlnkCVelguaCDWbYpmSclpeYV5%2BbaJ%2BekpOamnCHuZ2rgbGriZu5pZOJq6WRq8QbMGEAZX0DWS8%3D
http://goto.com/d/search-redirect;$sessionid$S5Z4G5IAA03Z1QFIEFAAPUQ?xargs=00u3hs9yoajkUKTSDDRhCTT0MuAmJFki03AuZeyXGmggypHYWjPt5aSrMKx5g%2FN38vNY80A5bCwTJuewgfkOS5IHVABKO3kFxKJdprZejRfDWuKowRXaMh38qa4S51k8ZERvj33dctp0%2BQjg2X0Ci6628H6RAvr6U7eYbknJt4EpRp8xv%2BADv4Qow7
http://goto.com/d/search-redirect;$sessionid$S5Z4G5IAA03Z1QFIEFAAPUQ?xargs=00u3hs9yoahSumGpxqaqgGlCBEyyOL81JyixISSkrzCzJTS0GLgHoQUoqLS5MKc0pKUov6QXYhWRglqOYn5%2BXaFeempOempCHmZNzgbmrqZuxpYuJu6WRq6gbkDnEZTGYALAJv
http://goto.com/d/search-redirect;$sessionid$S5Z4G5IAA03Z1QFIEFAAPUQ?xargs=00u3hs9yoahSumGpxqaqgGlCBEcyNz00r1izKaQSKAqempeTmJ6fkQlaTZxPwUojMgtTc4uD0xGLU0yDUyATYGm9KxUsg5LS8xrz820D89JSc1NeEPc0RXA2NXEzdzSycTV0sjV4g3YOsAyhCe8i8%3D
http://goto.com/d/search-redirect;$sessionid$S5Z4G5IAA03Z1QFIEFAAPUQ?xargs=00u3hs9yoahSumGpxqaqgGlCBEkyNz81JyS5PzMvPSSxLzMkDzgHqJUsmlXiCQMVwZmlKWlhKakh8JX2bipJYW5hfHZRSnJhvG6JqDFYZMb1igbJyWl5hXn5ton56Sk5qacIe5rquBsauJm7mlk4mrpZGrxBswpQBlkKzVNQ%3D%3D
http://goto.com/d/search-redirect;$sessionid$S5Z4G5IAA03Z1QFIEFAAPUQ?xargs=00u3hs9yoahSumGpxqaqgGlElEiamZeXmpJYn5mSB5QLXEoWTSrxDIGC4MTSlLS4lNyQ8ErzNxUkuLc1PjUvON4vUMQYpB5jUsVDZOS8vMK89NtM%2FPSUnNTThD3NLVwNjVxM3c0snE1dLI1eINmD4AMmdUpTE%3D
http://goto.com/d/search-redirect;$sessionid$S5Z4G5IAA03Z1QFIEFAAPUQ?xargs=00u3hs9yoahSumGpxqaqgGlElE00D1imSAZl5eaklifmZIHlAHsSIZNCvEMgZLg9NKUtLiU%2FJDQSvM3NSS4tyC%2BMyi1ORDeL0DkGIQuY3L1I0TkvLzCvPTbXPzUlLzU44QNzV1cHY1sTM3NLJxdXRyNbiDphMADIAOuzQ%3D
http://goto.com/d/search-redirect;$sessionid$S5Z4G5IAA03Z1QFIEFAAPUQ?xargs=00u3hs9yoahSumGpxqaqgGlCBEyyOTU9OKUotLE4tSMktLMkGKgHpgUqAhYoY7IK8zFLh%2BaKpyMV4YyF2IxsbJanmJefm2hfnpKTmpqQh5mbe4Gxq6mbuaWDibulkaukG5BZwGU9oAL4s6
http://goto.com/d/search-redirect;$sessionid$S5Z4G5IAA03Z1QFIEFAAPUQ?xargs=00u3hs9yoahSumGpxqaqgGlCBEiyPS0xpAvID8nNLkIGJoXQBkDlbTMUTYOS0vMa8%2FNtA%2FPSUnNTXhD3MGVwNjVxM3c0snE1dLI1eINzD1AGWfFp8k
http://goto.com/d/search-redirect;$sessionid$S5Z4G5IAA03Z1QFIEFAAPUQ?xargs=00u3hs9yoahSumGpxqaqgGlNlERYl5qakZRal6lZUZqQW5RUWJICVA3dypgsps%2FEao4YimxslqeYl5%2BbaF%2BekpOampCHmYx7gbGrqZu5pYOJu6WRq6QbkB3AZT%2FQAp0VU%3D
http://goto.com/d/search-redirect;$sessionid$S5Z4G5IAA03Z1QFIEFAAPUQ?xargs=00u3hs9yoahSumGpxqaqgGlCBEcyMrExIKU9NBi4FqRUKVifkFqdn5uUB5Y45OTqG8YalIPB4kBCjFsUzYOS0vMa8%2FNtA%2FPSUnNTXhD3MqVwNjVxM3c0snE1dLI1eIN2CDAMrnVd8r
http://goto.com/d/search-redirect;$sessionid$S5Z4G5IAA03Z1QFIEFAAPUQ?xargs=00u3hs9yoahSumGpxqaqgGlLlERYl6xQXFyYkFqUX5xSXlIAkg1PPEghycmpD8glTsfoQliObGyWp5iXn5toX56Sk5qakIeZlHuBsaupm7mlg4m7pZGrpBuQPcBlMjACsmhg%3D%3D
http://goto.com/d/search-redirect;$sessionid$S5Z4G5IAA03Z1QFIEFAAPUQ?xargs=00u3hs9yoahSumGpxqaqgGlHlEeqWl%2BWlFuYk5mSCVQLWCoez83NQ8%2FAsoE6q6YoWxclpeYl5%2BbaF%2BekpOamrCHuY1rgbGriZu5pZOJq6WRq4QbsCHAZT%2BACmONg%3D%3D
http://goto.com/d/search-redirect;$sessionid$S5Z4G5IAA03Z1QFIEFAAPUQ?xargs=00u3hs9yoahSumGpxqaqgGlCBE0yNzE8tT8zNS8oqLykGiQTmJJdlFGaX5GeleQH5BanZ%2BbogemJVqngxoCTKbYqWxclpeYl5%2BbaF%2BekpOamrCHuZ1rgbGriZu5pZOJq6WRq4QbsGHAZTyAC63%2Fw%3D%3D
http://goto.com/d/search-redirect;$sessionid$S5Z4G5IAA03Z1QFIEFAAPUQ?xargs=00u3hs9yoahSumGpxqaqgGlAVE2fm5qXn5qckleYlFejm5Fg0gcVCmoNK0HJxGkOGIBibJanmJefm2hfnpKTmpqQh5mMe4Gxq6mbuaWDibulkaukG5AdwGU98AKBn4
http://goto.com/d/search-redirect;$sessionid$S5Z4G5IAA03Z1QFIEFAAPUQ?xargs=00u3hs9yoahSumGpxqaqgGlCBEiyNLkwpzSkpSi%2FL10otigfkppcmpuSV5QMVadk5%2BPmZOkE1KzizRgZWpwyAWIBiaJarmJ%2Bfl2hXnpqTnpqQh5mgc5uBo6ulsbmhsbGxuYWgOaBtxGUyIAC8O9A%3D%3D
http://goto.com/d/search-redirect;$sessionid$S5Z4G5IAA03Z1QFIEFAAPUQ?xargs=00u3hs9yoahSumGpxqaqgGlCBEMyNK83NSMnJLi4sSGkASQanmOblJqTmpdkBiempuiDHKTiyvz8gCLgOZy7FIxDktLzGvPzbQPz0lJzU14Q8DNlc3Y0dHS2Nzc2NDY0MLiHNgswDK9WvQLQ%3D%3D
http://goto.com/d/search-redirect;$sessionid$S5Z4G5IAA03Z1QFIEFAAPUQ?xargs=00u3hs9yoahSumGpxqaqgGlElEiUV5mfm6umn5BRn5JXrJqboZ%2BcUlaW0g2UCi5JLM1JJiosKQ%2FMywYhARTHvVjBOS8vMK89Ntc%2FNSUvNT7hBwMnVztjQ0dDY3Nza0NjQwOIemCQAMXaVXLA%3D%3D
http://goto.com/d/search-redirect;$sessionid$S5Z4G5IAA03Z1QFIEFAAPUQ?xargs=00u3hs9yoahSumGpxqaqgGlCBEkyMyizJLSwv1U4vygdKlQqnFxUUaQFwkYQJlJhfm9YMsQzExS1HMTs%2FLtCvPTUnPTUlDzco4zcDR1dLY3NHY2NjcwtAc0B7iMpg%2FACtonQ%3D%3D
http://goto.com/d/search-redirect;$sessionid$S5Z4G5IAA03Z1QFIEFAAPUQ?xargs=00u3hs9yoahSumGpxqaqgGlBlEufkFqemJxamZeml5xfmpqSDZIB3zOazUeKwTczMLIAvAL9vf19UP34diqYlyWl5iXn5toX56Sk5qasIeBk2ubsaOjpbG5ubGhsaGFhDmwOcBlGwAKRkG
