http://goto.com/d/search-redirect;$sessionid$S5ZYHFYAA03Y5QFIEFAAPUQ?xargs=00u3hs9yoahSumGpxqaqgGlCBESyNTkkEyQOrmIlmpiSmZZUApenZmTglxTpCEM20YlqiYnJ%2BXaFecW1JYlFqGV4lwuYWRoZmLo6GlobObsZE5oxHEZRBqYfsAJpKt
http://goto.com/d/search-redirect;$sessionid$S5ZYHFYAA03Y5QFIEFAAPUQ?xargs=00u3hs9yoahSumGpxqaqgGlPlExUl6eXn5SXpARXFOaUZJSSpOJMS1I8Tk%2FLxCvOLbksSi0jK8xYTmFkaGZi6OhpaGzm7GRuaOOxDKIdTCqwAhZWs%3D
