http://www2.ncsu.edu/eos/contrib/perl/bin/AutoSearch
http://www.isi.edu/lsam/autosearch/TEST/index.html
http://gost.isi.edu/people/johnh/WORK/
http://www.isi.edu/lsam/tools/WWW_SEARCH/
http://www.isi.edu/lsam/tools/autosearch/
