http://www.acm.rpi.edu/~albert/pilot/Jan97/0095.html
http://www.acm.rpi.edu/~albert/pilot/Jan97/0066.html
http://andrew2.andrew.cmu.edu/rfc/rfc2140.html
http://www2.umin.u-tokyo.ac.jp/internet/drafts/draft-touch-tcp-interdep-01.txt
http://www.isi.edu/~faber/
http://info.internet.isi.edu:70/0/in-drafts/files/draft-tung-transsec-sts-01.txt
http://www.wls.org/resume.html
http://boggy.epistat.m.u-tokyo.ac.jp:6080/=@=:www2.umin.u-tokyo.ac.jp/internet/drafts/1id-abstracts.txt
http://www.isi.edu/atomic2/lab.html
http://gost.isi.edu/brian/resume/work.html
http://www.isi.edu/~johnh/home_page.html
http://www.isi.edu/lsam/tools/WWW_SEARCH/
http://www.ics.uci.edu/pub/ietf/http/hypermail/1997q1/0155.html
http://gost.isi.edu/~johnh/SOFTWARE/APACHE/apache_1.0_isi_mmap_960524.patch
http://hplbwww.hpl.hp.com/people/ange/archives/archives-97/http-wg-archive/0151.html
http://gost.isi.edu/brian/cities/
http://www.w3.org/Protocols/HTTP/Issues/touch.html
http://gost.isi.edu/people/johnh/WORK/
http://hplbwww.hpl.hp.com/people/ange/archives/archives-97/http-wg-archive/0250.html
http://gost.isi.edu/~johnh/SOFTWARE/APACHE/
http://www.iihe.ac.be/rfc/rfc2140.txt
http://gost.isi.edu/people/johnh/SOFTWARE/
http://www.isi.edu/div7/cities/about/replication.html
http://gost.isi.edu/~johnh/WORK/
http://gost.isi.edu/~johnh/SOFTWARE/
http://gost.isi.edu/brian/resume/work.html
http://www.isi.edu/div7/cities/publications/phttp_tcp_interactions/footnode.html
http://gost.isi.edu/~johnh/CHANGES/
http://www2.umin.u-tokyo.ac.jp/internet/drafts/draft-touch-tcp-interdep-01.txt
http://www.ietf.org/proceedings/97apr/97apr-final/xrtftr20.htm
http://boggy.epistat.m.u-tokyo.ac.jp:6080/=@=:www2.umin.u-tokyo.ac.jp/internet/drafts/1id-abstracts.txt
http://www.cs.arizona.edu/xkernel/www/ipsec/ipsec-mail4.html
http://www.cs.arizona.edu/xkernel/www/ipsec/ipsec-mail3.html
http://www.dc.luth.se/doc/rfc/rfc2140.txt
http://www.isi.edu/lsam/people.html
http://hplbwww.hpl.hp.com/people/ange/archives/archives-97/http-wg-archive/0195.html
http://gigahertz.lerc.nasa.gov/~mallman/tcpsat-archive
http://www.moviola.com/movioladigital/communications/foundation.html
http://reference.nrcs.usda.gov/ietf/rfc/2200/rfc2140.htm
http://www.isi.edu/~johnh/SOFTWARE/APACHE/apache_1.0_isi_mmap_961202.patch
