http://www.flash.net/~leenhout/aboutme.htm
http://sex.is.my.addiction.com/
http://www.hotwired.com/synapse/feature/97/29/biggs0a_text.html
http://www.algonet.se/~spasm/
http://www.geocities.com/RodeoDrive/3599/
http://members.tripod.com/~tritemp/index.htm
http://capo.org/premise/96/mar/p960304.html
http://www.angelfire.com/de/exposition/cyberart.html
