http://www.isi.edu/
http://www.isitrans.com/
http://www.nesconsult.com/
http://www.westernreserve.com/
http://www.detnews.com/1996/menu/poli0904.htm
http://hsb.baylor.edu/credits.asp
http://members.tripod.com/~bud_lite/buds_resume.html
http://grognard.com/patch.html
http://www.gospelcom.net/shofar/untilv4i6.html
http://chaos.fullerton.edu/mhslinks.html
http://www.rsl.ox.ac.uk/guides/rhl/rhl01.html
http://adsabs.harvard.edu/abs_doc/whatsnew.html
http://www.angelfire.com/hi/plutonic/afs-faq.html
http://www.sil.org/ethnologue/countries/Nigr.html
