http://www.engelschall.com/e/perldoc/pages/util/AutoSearch.html
http://www.isi.edu/lsam/autosearch/TEST/index.html
http://gost.isi.edu/~johnh/WORK/
