http://gost.isi.edu/~johnh/SOFTWARE/
http://gost.isi.edu/~johnh/WORK/
http://gost.isi.edu/~johnh/SOFTWARE/APACHE/
http://gost.isi.edu/people/johnh/SOFTWARE/APACHE/apache_1.0_isi_mmap_960524.patch
http://www.isi.edu/~johnh/home_page.html
http://gost.isi.edu/people/johnh/SOFTWARE/APACHE/apache_1.0_isi_mmap_961202.patch
http://www.isi.edu/~katia/
http://gost.isi.edu/brian/cities/
http://gost.isi.edu/brian/resume/work.html
http://www-uk.hpl.hp.com/people/ange/archives/http-wg-archive/0258.html
http://gost.isi.edu/~johnh/CHANGES/
http://andrew2.andrew.cmu.edu/rfc/rfc2140.html
http://www12.w3.org/Protocols/HTTP/Issues/touch.html
