http://www.ntreplicator.com/wan-replication/
http://www.ntreplicator.com/
http://www.ntreplicator.com/software-replication/
http://www.nt-replicator.com/software-replication/
http://www.database-replication.com/
http://www.nt-replicator.com/wan-replication/
http://ltt-www.lcs.mit.edu/ltt-www/Unpublished/Replication/repl.html
http://gking.harvard.edu/replrepl/replrepl.html
http://www.voiceconnection.com/lduplication.htm
http://metallography.aasp.net/bboard/messages/413.html
http://uts.cc.utexas.edu/~jbwheat/sites/cdreplication.html
http://support.novell.co.jp/home/server/nrs/
http://clio.cshl.org/books/euk_dna_rep.html
http://www.synchrologic.com/data_replication.html
http://www.asg.com/products/idms/rtj/rtj5100/rtj5100.htm
http://www.synchrologic.com/database_replication.html
http://telemann.coda.cs.cmu.edu/maillists/linux-coda/0831.html
http://ils.unc.edu/~ryank/dbrep/trends.htm
http://gking.harvard.edu/repl.html
http://sybase.com/products/datamove/repserver11.5.html
http://www.dba.co.za/Replication.htm
http://web.rimage.com/services/cdrom.htm
http://www-dccs.stanford.edu/lists/info-afs/hyper95/1136.html
http://www5conf.inria.fr/fich_html/slides/papers/PS1/P3/6.html
http://notes.net/46dom.nsf/7d6a87824e2f09768525655b0050f2f2/77e019152b0f6df18525666a00692b5c?opendocument
http://www.herkommer.de/daten/Software_Datenbanken_6.html
http://suif.stanford.edu/papers/anderson93/node29.html
http://clio.cshl.org/books/dna_repl.htm
http://www.stamproductions.com/ServicesHTM/CDReplication.htm
http://merlin.ucs.indiana.edu/dba/rs/RS_index.html
http://www.rimage.com/services/sales/mntsrvcs.htm
http://web.rimage.com/services/cdreplic.htm
http://www.bondquote.com/replication.html
http://www.bocklabs.wisc.edu/ed/ii.html
http://www.replication.org/
http://www.rimage.com/services/sales/capsrvcs.htm
http://virus.lucifer.com/archive.96/1099.html
http://www.connect.ab.ca/~crownvid/cdrom.htm
http://www.ncl.org/anr/partners/rpsinc.htm
http://notes.net/46dom.nsf/7d6a87824e2f09768525655b0050f2f2/175a64ca9558587f8525666c0048e6d2?opendocument
http://www.tekcel.com/rtb.htm
http://burks.bton.ac.uk/burks/foldoc/63/87.htm
http://nucleus.cshl.org/meetings/99DNAREP.htm
http://www.oracle.com.sg/education/desc/techover/techover3.toc.html
http://www.aoillc.com/services/AOIDatabaseReplication.htm
http://www.aoillc.com/Services/AOIDatabaseReplication.htm
http://www.duplidata.co.uk/prod02.htm
http://www.virtualed.org/virtual/catalog/sqsc03.htm
http://www.file-servers.com/nwupgr/I767847.HTM
http://www-stat.stanford.edu/~woo/dna.html
http://www.file-servers.com/nwupgr/T009249.HTM
http://corp.novell.de/text/nrs/
http://chem-mgriep2.unl.edu/replic/fork.html
http://www.polisistem.com/hping.htm
http://support.cai.com/asrsupp.html
http://duplisoft.o4.net/cdrom/
http://metro.turnpike.net/kyee/canusername.html
http://www.contingencyanal.com/archive/archive2/0000005b.htm
http://strucbio.biologie.uni-konstanz.de/scop-1.37/data/scop.1.005.003.001.000.html
http://corp.novell.de/nrs/index.html
http://corp.novell.com.au/nrs/index.html
http://uwsg.ucs.indiana.edu/hypermail/linux/big-linux/9512/0545.html
http://notes.net/46dom.nsf/7d6a87824e2f09768525655b0050f2f2/41d6fbd6e119a3e485256617005178db?opendocument
http://www.acctrak21.com/replicate.html
http://www.cai.com/products/arcserve_replication/
http://teamserver.icat.com/Sybase/00000421.htm
http://duplisoft.o4.net/index.html
http://www.delta-tek.com/jfs2/index.htm
http://www.pdb.bnl.gov/scop/data/scop.1.005.003.000.000.000.html
http://www.duplisoft.com/
http://cs-pub.bu.edu/faculty/heddaya/Book/
http://www.sybase.it/corsi/datarep.htm
http://www.ietf.org/html.charters/ldup-charter.html
http://softpack.6x.com/Duplication.html
http://strucbio.biologie.uni-konstanz.de/scop-1.37/data/scop.1.005.003.000.000.html
http://www.clientele.com/Products/RepServer.htm
http://www.premier-multimedia.com/cd/replication.html
http://www.duplisoft.com/audiocd.htm
http://pdb.weizmann.ac.il/scop/data/scop.1.005.003.000.html
http://corp.novell.com.au/nrs/press.html
http://www.isi.edu/div7/lsam/about/replication.html
http://gause.biology.ualberta.ca/bio107.hp/t16.html
http://fmg-www.cs.ucla.edu/travler/replication.html
http://corp.novell.com.au/text/nrs/news.html
http://strucbio.biologie.uni-konstanz.de/scop-1.37/data/scop.1.005.003.001.001.000.html
http://www.beri.co.jp/scop/data/scop.1.005.003.001.001.001.html
http://strucbio.biologie.uni-konstanz.de/scop-1.37/data/scop.1.005.003.001.html
http://www.intranetware.com/text/nrs/press.html
http://mcbio.med.buffalo.edu/wb.html
http://usa.biologists.com/JCS/108/03/jcs8705p.html
http://www.eddieware.org/erfs.html
http://wizard.ucr.edu/~nagler/replic_data.html
http://wbt.keystonenet.com/catalog/sqsc03.htm
http://virus.lucifer.com/archive.96/1105.html
http://strucbio.biologie.uni-konstanz.de/scop-1.37/data/scop.1.005.003.000.000.000.html
http://glindquester.biology.rhodes.edu/molbiol/replication.html
http://computer.org/computer/co1997/r4068abs.htm
http://www.greensolutions.com/cd.html
http://www.eln.net/remotwar.html
http://www.tol.com.au/catalog/sqsc03.htm
http://www.tol.com.au/catalog/sqsc03.htm
http://strucbio.biologie.uni-konstanz.de/scop-1.37/data/scop.1.005.003.001.001.001.html
http://strucbio.biologie.uni-konstanz.de/scop-1.37/data/scop.1.005.003.000.html
http://www.dbbiz.com/access/bldapps/chapters/ba20_2.htm
http://www.oracle.com/database/features/advrepl.html
http://sdm.sony.com/index.html
http://fmg-www.cs.ucla.edu/rumor98/replication.html
http://www-scf.usc.edu/~imudom/cache.html
http://greensolutions.com/cd.html
http://www.scripps.edu/pub/ghadiri/html/selfrepli.html
http://www.faultlineaudio.com/pricelist/rserv.htm
http://ficus-www.cs.ucla.edu/ficus-members/salomone/abstract.html
http://corp.novell.de/press/archive/1997/05/pr97513.html
http://www.asvc.com/
http://corp.novell.de/documentation/idx_nrs_lite.html
http://www.bcasj.or.jp/jb/catgry21.html
http://www.bocklabs.wisc.edu/ed/iii.html
http://strucbio.biologie.uni-konstanz.de/scop-1.37/data/scop.1.005.003.html
http://www.cai.com/press/98mar/arcreplication.htm
http://www.duplisoft.com/cdromrep.htm
http://www-cgi.cs.cmu.edu/afs/cs.cmu.edu/project/venari/www/iwmm92.html
http://www.bocklabs.wisc.edu/ed/iv.html
http://virus.lucifer.com/archive.96/1056.html
http://www.bcarter.com/rep06.htm
http://darwinsmistake.com/BOOK/sec2-5.htm
http://www.goldenrom.com/Services/CD-ROM_Replication/cd-rom_replication.html
http://www.ics.uci.edu/~mwang/replication.html
http://www.bcm.tmc.edu/molvir/pre14.htm
http://www.upenn.edu/csd/projects/WEPIC_REPLICATION_PROJECT_58.shtml
http://metallography.aasp.net/bboard/messages/418.html
http://members.tripod.com/~MARRS7/
http://corp.novell.com.au/nrs/prodinfo.html
http://mcbio.med.buffalo.edu/dk.htm
http://corp.novell.com.au/press/archive/1997/05/pr97514.html
http://cdman.com/cdrom.htm
http://www.visiondisc.com/CD-DVD_Mastering_and_Replication.html
http://www.angelfire.com/ak/amnion/
http://www.orafaq.org/faqrepl.htm
http://www.sts.cornell.edu/ReplicationCF.html
http://iccanet.com/disc.htm
http://lectlaw.com/def2/q140.htm
http://mcbio.med.buffalo.edu/dk_a.htm
http://webapps.novell.com/nrs/prodinfo.html
http://risk.ifci.ch/00012124.htm
http://www.sybase.it/corsi/ftrepserv.htm
http://usa.biologists.com/JCS/109/02/jcs3288p.html
http://www.helptalk.net/forums/access/messages/10584.html
http://darwin.cshl.org/wwwboard/messages/451.html
http://www.asvc.com/tpcd.htm
http://www.fond-merieux.org/recherch/congres/Abstract/Salvato.htm
http://www.bocklabs.wisc.edu/ed/v.html
http://usa.biologists.com/JCS/109/02/jcs3288.html
http://support.microsoft.com/support/access/content/repl/replovrvw.asp
http://notes.net/46dom.nsf/7d6a87824e2f09768525655b0050f2f2/6db1c429d5f3bab48525666a0078c632?OpenDocument
http://msc.citywest.unisa.edu.au/msc/JEMS/JEMS_rep_refs.html
http://web.rimage.com/services/diskette.htm
http://www.healthnet.org/programs/procaare-hma/9604/msg00010.html
http://gking.harvard.edu/replrepl/node13.html
http://www.dcs.gla.ac.uk/~faegri/replication-summary.html
http://www.synchrologic.com/
http://www.accudisk.com/cd.htm
http://support.novell.com/Ftp/Updates/betasup/bnrs121/LAlpha0.html
http://support.novell.de/Ftp/Updates/betasup/bnrs121/Date0.html
http://support.novell.de/Ftp/Updates/betasup/bnrs121/Alpha0.html
http://www.denon.com/replication/Repl.htm
http://www.cbl.ncsu.edu/~kuznar/teza/submitted/AA0_main/node24.html
http://corp.novell.de/nrs/fax.html
http://webserver.gelworks.com.au/log.nsf/85255d430051a99d85255b040057e2dd?OpenView&Start=1&Count=30&Expand=2.6
http://www.frankwu.com/R6K.html
http://www.spss.com/software/wesvar/
http://www.spanier.net/iishelp/mts/html/maintain_4.htm
http://virus.lucifer.com/archive.96/1097.html
http://sds-intl.com/ifk3replicate.html
http://lantimes.com/98/98apr/804a020a.html
http://corp.novell.de/press/archive/1997/03/pr97051.html
http://cdworld.com/cgi-bin/prodinfo?92147&6528516
http://www-archive.stanford.edu/lists/info-afs/hyper95/1139.html
http://www.failsafeinc.com/medhome.htm
http://www.groovehouse.com/Pages/clientlist.html
http://strucbio.biologie.uni-konstanz.de/scop-1.37/data/scop.1.001.004.003.006.000.html
http://webserver.gelworks.com.au/log.nsf/85255d430051a99d85255b040057e2dd?OpenView&Start=1&Count=30&Expand=2
http://www.faultlineaudio.com/pricelist/flserv.htm
http://www.compixdigital.com/main/cdrep.htm
http://www.bcarter.com/tip075.htm
http://uwsg.ucs.indiana.edu/hypermail/linux/big-linux/9512/0613.html
http://www.cs.cmu.edu/groups/venari/pldi93.html
http://www.fnx.com/replicpr.html
http://www.sybase.com/adaptiveserver/replication_agent.html
http://www.lakeviewtech.com/omnienterprise/omnirepl.html
http://www.biocourses.cas.vanderbilt.edu/exp2.b.htm
http://o4.net/duplisoft/CD_corporate.html
http://webserver.gelworks.com.au/log.nsf/85255d430051a99d85255b040057e2dd?OpenView&Start=1&Count=30&Expand=2.1
http://www.sybase.com/events/replication/
http://usa.biologists.com/JCS/111/19/jcs3822f.html
http://support.microsoft.com/support/kb/articles/Q101/6/02.asp
http://c85.cemi.rssi.ru/access/ReplicationExample.asp
http://www.atd.com.au/cd_duplicate.htm
http://www.softwarecompletions.com/
http://www.hk-mfg.com/auth.htm
http://www.bocklabs.wisc.edu/ed/vi.html
http://www.dysanalytics.com/repfaq.html
http://www.dc.net/wtalbert/sqladmin/replication.html
http://www.linkpro.com/v35_ap_msr.htm
http://www-micro.msb.le.ac.uk/Tutorials/balti/balti.html
http://support.novell.com/Ftp/Updates/nwos/nrs10bta/Alpha0.html
http://www.asrm.abstracts.org/abstracts/19970250.htm
http://www-dccs.stanford.edu/lists/info-afs/hyper95/1141.html
http://www.peerdirect.com/Products/
http://step.sdsc.edu/personal/vanderschaegen/stdygds/genetics/dna.html
http://webserver.gelworks.com.au/log.nsf/85255d430051a99d85255b040057e2dd?OpenView&Start=1&Count=30&Collapse=1.1
http://www.asprinting.com/main/cdrep.htm
http://gsd.di.uminho.pt/wmr98/wmr98cfp.html
http://www.angelfire.com/biz/musicpublish/
http://www.byte.com/art/9508/sec9/art5.htm
http://www.cntc.com/Products/PD.html
http://www.asts.org/abstracts97/asts1146.htm
http://corp.novell.de/text/catalog/qr/sne24120.html
http://duke.usask.ca/~misra/virology/FHV/REPLICAT.HTM
http://www.dba-pr.com/tdk/dup.html
http://www.goldenrom.com/
http://support.novell.com/Ftp/Updates/betasup/bnrs111/LAlpha0.html
http://www.merlinss.com/merlinss/about_toc.htm
http://corp.novell.de/nrs/upgrade.html
http://www.megalodon.com/cd_replication.html
http://softlinkusa.com/Solutions/replicate.htm
http://usa.biologists.com/JCS/111/20/jcs3833.html
http://www.gen.com/informedusa/t/oraclelite10.16.html
http://metro.turnpike.net/kyee/howview.html
http://www.weidmann-plastics.com/0401.htm
http://www.lucifer.com/virus/virus.96/1109.html
http://usa.biologists.com/JCS/107/02/jcs2032t.html
http://www.di.uminho.pt/~cbm/wmr-titles.html
http://www.upenn.edu/csd/projects/UNIVERSITY_OF_ALABAMA_BIRMINGHAM_WEPIC_REPLICATION_3043.shtml
http://www.upenn.edu/csd/projects/MIAMI_UNIVERSITY_OF_OHIO_WEPIC_REPLICATION_3042.shtml
http://www.kyric.com/cdreplication.htm
http://www.swlogistics.com/html/replication.html
http://www.intranetware.com/text/nrs/upgrade.html
http://cds.com/massrep.htm
http://www.cbl.ncsu.edu/publications/1994-EuroDAC-Kuznar-p271/
http://fmg-www.cs.ucla.edu/roam98/welcome.html
http://www.cdrinteractive.com/
http://www.isomedia.com/ps/cdr.htm
http://uwsg.ucs.indiana.edu/hypermail/linux/big-linux/9512/0546.html
http://home18.mcom.com/comprod/columns/techvision/replication.html
http://impian.dokkyomed.ac.jp/ml-open/new-list/1996/0270.html
http://corp.novell.com.au/whitepapers/nrs/
http://corp.novell.com.au/text/whitepapers/nrs/
http://www.citechco.net/grameen/trust/dialogue.html
http://www.peerdirect.com/Products/Scenarios/Scen6.html
http://www-dept.cs.ucl.ac.uk/staff/jon/cfp/0223.html
http://members.aol.com/heidpro/cdr.html
http://www1.clbooks.com/asp/BookInfo/BookInfo.asp?theisbn=0471157546
http://www.thebody.com/niaid/latent.html
http://www.xs4all.nl/~reinoud/ntsqlrep.html
http://ficus-www.cs.ucla.edu/ficus-members/ashvin/work/consistency.html
http://www.internetmusic.net/opus.htm
http://www.unix.digital.com/faqs/publications/asdu/concept_gd/con05012.htm
http://www.acm.org:82/pubs/citations/proceedings/metrics/166955/p264-ghandeharizadeh/
http://webserver.gelworks.com.au/log.nsf/85255d430051a99d85255b040057e2dd?OpenView&Start=1&Count=30&Expand=1
http://www.mediadupe.com/p02.html
http://corp.novell.de/press/archive/1997/05/pr97094.html
http://usadubs.o9.net/PAL.html
http://gost.isi.edu/~johnh/PAPERS/Heidemann95d.html
http://pnp.huh.harvard.edu/java/replication/
http://www.byte.com/art/9409/sec11/art4.htm
http://crit.org/critmail/sci_nano.88-94/1177.html
http://metro.turnpike.net/kyee/3.html
http://sunsite.auc.dk/javarc/util/web/SiClone/
http://www-dccs.stanford.edu/lists/info-afs/hyper95/1140.html
http://www.peerdirect.com/Products/Scenarios/Scen7.html
http://cdrinteractive.com/replication.htm
http://virus.lucifer.com/archive.96/1054.html
http://www.cib.csic.es/~plasmid/publicacion_en.html
http://www.bocklabs.wisc.edu/ed/vii.html
http://www.delta-tek.com/press/ctr2.htm
http://swynk.com/sqlreplicate.asp
http://www.intl.novell.com/lead_stories/98/feb06/bridge.html
http://www.ghp.net/fwmusic/links.htm
http://www.kyric.com/dvd.htm
http://gking.harvard.edu/data.shtml
http://bioinformatics.bocklabs.wisc.edu/ed/genomes.html
http://webapps.novell.com/nrs/features.html
http://www.disketteduplication.com/
http://ist.unige.it/cldb/fun223.html
http://softlinkusa.com/Applications/Replication/index.htm
http://www.novell.co.jp/nrs/index.html
http://virus.lucifer.com/archive.96/1102.html
http://www.mybookworm.com/mbw/subject/editing.sequencing.mastering.replication.duplication
http://www.gene.com/ae/AB/GG/mutation.html
http://www.octave.com/duplication/replication.html
http://www.peerdirect.com/Products/FAQ.html
http://www.asrm.abstracts.org/abstracts/19950026.htm
http://support.novell.com/Ftp/Updates/nwos/nrs10bta/LDate0.html
http://support.novell.com/Ftp/Updates/nwos/nrs10bta/LAlpha0.html
http://www.byte.com/art/9508/sec9/art4.htm
http://oasiscd.com/sampler3.html
http://www.saluki.com/mcse_archive/17oct97/00000922.htm
http://sourcedata.com/500/000302.html
http://hallogram.com/datasync/index.html
http://www.vts.net/replication.htm
