http://www.isi.edu/lsam/ib/
http://www.isi.edu/ib/plan.html
http://www.isi.edu/ib/discussion.html
http://www.isi.edu/div7/ib/example.html
http://www.isi.edu/lsam/about/
