http://www.isi.edu/lsam/people.html
http://www.isi.edu/~wls/
http://www.isi.edu/lsam/
http://www.isi.edu/lsam/tools/WWW_SEARCH/
http://www.isi.edu/div7/gra/
http://www.isi.edu/~larse/
http://www.isi.edu/~surya/
http://www.isi.edu/div7/research-top.html
http://www.isi.edu/~katia/http-perf-short.html
http://www.isi.edu/~touch/projects.html
http://www.isi.edu/ib/
http://www.isi.edu/ib/plan.html
http://www.isi.edu/~johnh/PAPERS/Visweswaraiah97b.html
http://www.isi.edu/~johnh/SOFTWARE/
http://www.isi.edu/~katia/
http://www.isi.edu/ib/discussion.html
http://www.isi.edu/~johnh/SOFTWARE/APACHE/apache_1.0_isi_mmap_960524.patch
http://www.isi.edu/lsam/construction.html
http://www.isi.edu/~ahughes/
http://www.mbone.com/lists/rem-conf.1997Q1/0109.html
