http://www.arteartarte.com/english/dora.htm
http://194.7.253.55/dsifgkomr.html
http://www.sedin.org/propeng/bib_dic.htm
http://194.7.253.55/dsifteresa.html
http://www.eskimo.com/~recall/bleed/0416.htm
http://tigerden.com/%7Eberios/lba.html
http://www.andrew.cmu.edu/~ctb/anarchy/docs/Sabatini.lib.txt
http://www.spunk.org/library/otherpol/critique/sp000713.txt
http://members.aol.com/gsvloc/ida_glo2.htm
http://anxiety-closet.mit.edu:8001/activities/libertarians/libertarians/Essays/Libertarianism-Bogus-Anarchy
http://www.al-bushra.org/arbhrtg/arbxtn01.htm
http://194.7.253.55/dsiftlano.html
http://www.geology.wisc.edu/~delitsin/chapek
http://abbey.apana.org.au/History/Hughes/par1943.htm
http://abbey.apana.org.au/HISTORY/HUGHES/par206.htm
http://www.eco.utexas.edu/faculty/Cleaver/sect5.html
http://home.talkcity.com/PicassoPl/wsgarbi/index.html
http://tekka.wwa.com/~mjm/almanac2/december/1226.html
http://www.abbc.com/aaargh/engl/BLantisem7.html
http://h-net2.msu.edu/~habsweb/newmembers.html
http://tekka.wwa.com/~mjm/almanac2/september/0904.html
http://mercury.panola.cc.tx.us/library/ENG/index/t000026.htm
http://www.eco.utexas.edu/faculty/Cleaver/sect2.html
http://www.csn.net/advent/cathen/03113a.htm
http://www.cios.org/getfile\MASSCOMM_NB126
http://www.cios.org/getfile\MASSCOMM_NB131
http://www.asiatica.org/publications/jsawsbookabs.asp
http://math.idbsu.edu/gas/other_gilbert/princess.txt
