http://www.abc.net.au:80/news/newslink/weekly/newsnat-27jun1999-17.htm
http://cnn.com:80/WORLD/europe/9906/26/AM-France-GreatEscape.ap/
http://deseretnews.com:80/dn/view/1,1249,100008585,00.html?
http://www.austin360.com:80/news/2state/1999/06/29escape_escape.html
http://www.austin360.com:80/news/2state/1999/06/29escape_3.html
http://deseretnews.com:80/dn/view/1,1249,100008826,00.html?
http://www.ohio.com:80/bj/news/ohio/docs/002034.htm
http://www.indiaserver.com:80/thehindu/1999/06/28/stories/04282106.htm
http://cnn.com:80/US/9906/29/texas.escaped.killer.ap/
http://www.ohio.com:80/bj/news/ohio/docs/010784.htm
http://cnn.com:80/US/9906/29/carolina.prison.shooting.ap/index.html
http://www.austin360.com:80/news/2state/1999/06/30escape.html
http://www.expressnews.com:80/pantheon/news-bus/state/2902btla.shtml
http://www.expressnews.com:80/pantheon/news-bus/crime-crisis/3002bjha.shtml
http://www.austin360.com:80/news/2state/1999/06/29escape_events.html
http://www.austin360.com:80/news/2state/1999/06/29escape_1.html
http://detnews.com:80/1999/nation/9906/30/06300176.htm
http://www.apbonline.com:80/911/1999/06/29/escape0629_01.html
http://www.suntimes.co.za:80/1999/06/27/news/gauteng/njhbo7.htm
http://www.suntimes.co.za:80/1999/06/27/news/gauteng/njhb05.htm
http://www.journalstar.com:80/archives/062999/nat/sto5
http://www.austin360.com:80/news/2state/1999/06/29escape_2.html
http://www.sltrib.com:80/1999/jun/06281999/utah/4486.htm
http://www.austin360.com:80/news/2state/1999/06/29escapetalkback.html
http://www.apbonline.com:80/911/1999/06/29/breakout0629_01.html
http://www.newsweek.com:80/nw-srv/tnw/today/nm/nm02tu_1.htm
http://www.canoe.com:80/TopStories/killer_jun29.html
http://www.latimes.com:80/excite/990630/t000058618.html
http://www.indiaserver.com:80/thehindu/1999/06/27/stories/0427210y.htm
http://www.theaustralian.com.au:80/state/4219331.htm
http://www.mediainfo.com:80/ephome/news/newshtm/stories/062599n4.htm
http://www.apbonline.com:80/911/1999/06/28/mob0628_01.html
http://www.apbonline.com:80/911/1999/06/28/dna0628_01.html
http://www.bergen.com:80/paterson/snipsnip199906259.htm
http://www.bergen.com:80/bcoast/snipsnip199906259.htm
http://www.apbonline.com:80/911/1999/06/29/email0629_01.html
http://www.spokane.net:80/news-story-body.asp?Date=062499&ID=s598534&cat=
http://www.apbonline.com:80/911/1999/06/29/driver0629_01.html
http://deseretnews.com:80/dn/view/1,1249,100008709,00.html?
http://www.pioneerplanet.com:80/seven-days/1/news/docs/001978.htm
http://www.sltrib.com:80/1999/jun/06241999/nation_w/3589.htm
http://www.sltrib.com:80/1999/jun/06301999/nation_w/4903.htm
http://www.bergen.com:80/bcent/detention199906254.htm
http://www.apbonline.com:80/911/1999/06/28/dapper0628_01.html
http://deseretnews.com:80/dn/view/1,1249,100008589,00.html?
http://www.salonmagazine.com:80/people/col/reit/1999/06/30/paula/index.html
http://www.freep.com:80/voices/columnists/qerubin27.htm
http://www.kcstar.com:80/item/pages/sports.pat,sports/3773a70b.629,.html
http://www.iht.com:80/IHT/TODAY/FRI/IN/missing.2.html
http://insidedenver.com:80/news/0627nulw6.shtml
http://www.foxnews.com:80/health/062899/y2hosp.sml
http://www.journalstar.com:80/archives/062999/nat/sto2
http://www.latimes.com:80/excite/990630/t000058457.html
http://www.salonmagazine.com:80/news/feature/1999/06/28/china/index.html
http://www.usatoday.com:80/life/cyber/tech/ctf487.htm
http://cnn.com:80/HEALTH/9906/28/hospitals.y2k.ap/index.html
http://www.govtech.net:80/gtmag/1999/may/prodfocus/prodfocus.shtm
http://www.thestar.com:80/thestar/back_issues/ED19990624/news/990624NEW01_FO-WARD24.html
http://www.smh.com.au:80/news/9906/29/text/obituaries.html
http://www.washingtonpost.com:80/wp-srv/WPlate/1999-06/25/046l-062599-idx.html
