http://www.prweb.com/releases/1999/prweb7177.htm&
http://www.davecentral.com/8015.html&
http://www.isi.edu/lsam/tools/WWW_SEARCH/&
http://www.isi.edu/lsam/tools/WWW_SEARCH/index.html&
http://www.isi.edu/div7/lsam/tools/WWW_SEARCH/index.html&
http://www.isi.edu/div7/lsam/tools/WWW_SEARCH/index.html&
http://www.filelibrary.com/Contents/Multi-Platform/105/8.html&
http://www.isi.edu/~lsam/tools/WWW_SEARCH/index.html&
http://www.filelibrary.com/categories/New_Files.shtml3/35.html&
http://filelibrary.com/categories/New_Files.shtml3/32.html&
http://filelibrary.com/Contents/New_Files/150/34.html&
http://www.netpromote.com/search/WWW-Search-1.023/blib/man3/WWW::Search::Snap.3&
http://www.webreview.com/wr/pub/98/11/20/perl/index.html&
http://webreview.com/wr/pub/98/11/20/perl/index.html&
http://webreview.com/wr/pub/98/11/20/perl/index.html&
http://webreview.com/wr/pubwr/98/11/20/perl/index.html&
http://www.netpromote.com/search/WWW-Search-1.023/&
http://theory.uwinnipeg.ca/CPAN/data/WWW-Search/README.html&
http://theory.uwinnipeg.ca/CPAN/data/WWW-Search/&
http://ftp.epix.net/CPAN/authors/John_Heidemann/WWW-Search-1.023.readme&
http://ftp.sv.saitama-u.ac.jp/archives/lang/perl/CPAN/authors/id/JOHNH/WWW-Search-1.023.readme&
http://ftp.epix.net/CPAN/authors/John_Heidemann/WWW-Search-1.022.readme&
http://ftp.epix.net/CPAN/authors/John_Heidemann/WWW-Search-1.021.readme&
http://ftp.sv.saitama-u.ac.jp/archives/lang/perl/CPAN/authors/id/JOHNH/WWW-Search-1.022.readme&
http://ftp.sv.saitama-u.ac.jp/archives/lang/perl/CPAN/authors/id/JOHNH/WWW-Search-1.021.readme&
http://www.netpromote.com/search/WWW-Search-1.023/test/test.pl&
http://installationsplus.com/download.htm&
http://installationsplus.com/download.htm&
http://www.installationsplus.com/download.htm&
http://freeware2000.click2site.com/search_tools.htm&
http://www.pns.com.au/freewarehome/add_ons/a_internet.html&
http://www.inet.com.pl/freewarehome/add_ons/a_internet.html&
http://noguska.net/freewarehome/add_ons/a_internet.html&
http://ensignpub.com/freehome/add_ons/a_internet.html&
http://www3.winfiles.com/apps/98/webtools-search.html&
http://www.winfiles.com/apps/98/webtools-search.html&
http://www3.windows95.com/apps/98/webtools-search.html&
http://www1.windows95.com/apps/98/webtools-search.html&
http://www.winfiles.com/apps/98/webtools-search.html&
http://207.159.129.100/apps/98/webtools-search.html&
http://www1.winfiles.com/apps/98/webtools-search.html&
http://www2.windows95.com/apps/98/webtools-search.html&
http://winfiles.com/apps/98/webtools-search.html&
http://www.bookcase.com/library/software/win9x.winsock.www.html&
