http://xent.ics.uci.edu/FoRK-archive/jan98/0429.html
http://www.darpa.mil/ito/Summaries97/C370_0.html
http://www.isi.edu/~lsam/about/
http://www.isi.edu/div7/ib/discussion.html
http://www.isi.edu/ib/
