http://ww2.altavista.com/cgi-bin/news?msg@9766@comp%2einfosystems%2ewww%2eannounce
http://ww2.altavista.com/cgi-bin/news?msg@35574@soc%2eculture%2emagyar
http://ww2.altavista.com/cgi-bin/news?msg@37552@soc%2eculture%2emagyar
http://ww2.altavista.com/cgi-bin/news?msg@6211@soc%2eculture%2eafrican%2eamerican%2emoderated
http://ww2.altavista.com/cgi-bin/news?msg@156801@comp%2elang%2eperl%2emisc
http://ww2.altavista.com/cgi-bin/news?msg@156886@comp%2elang%2eperl%2emisc
http://ww2.altavista.com/cgi-bin/news?msg@156901@comp%2elang%2eperl%2emisc
http://ww2.altavista.com/cgi-bin/news?msg@16014@comp%2elang%2eperl%2emodules
http://ww2.altavista.com/cgi-bin/news?msg@156928@comp%2elang%2eperl%2emisc
http://ww2.altavista.com/cgi-bin/news?msg@8981@comp%2einfosystems%2ewww%2eservers%2emisc
http://ww2.altavista.com/cgi-bin/news?msg@207482@comp%2elang%2ec%2b%2b
http://ww2.altavista.com/cgi-bin/news?msg@156978@comp%2elang%2eperl%2emisc
http://ww2.altavista.com/cgi-bin/news?msg@157000@comp%2elang%2eperl%2emisc
http://ww2.altavista.com/cgi-bin/news?msg@157001@comp%2elang%2eperl%2emisc
http://ww2.altavista.com/cgi-bin/news?msg@8544@comp%2elang%2eperl%2etk
http://ww2.altavista.com/cgi-bin/news?msg@157012@comp%2elang%2eperl%2emisc
http://ww2.altavista.com/cgi-bin/news?msg@157028@comp%2elang%2eperl%2emisc
http://ww2.altavista.com/cgi-bin/news?msg@157039@comp%2elang%2eperl%2emisc
http://ww2.altavista.com/cgi-bin/news?msg@16046@comp%2elang%2eperl%2emodules
http://ww2.altavista.com/cgi-bin/news?msg@157113@comp%2elang%2eperl%2emisc
http://ww2.altavista.com/cgi-bin/news?msg@157115@comp%2elang%2eperl%2emisc
http://ww2.altavista.com/cgi-bin/news?msg@157141@comp%2elang%2eperl%2emisc
http://ww2.altavista.com/cgi-bin/news?msg@157149@comp%2elang%2eperl%2emisc
http://ww2.altavista.com/cgi-bin/news?msg@157207@comp%2elang%2eperl%2emisc
http://ww2.altavista.com/cgi-bin/news?msg@157231@comp%2elang%2eperl%2emisc
http://ww2.altavista.com/cgi-bin/news?msg@16068@comp%2elang%2eperl%2emodules
http://ww2.altavista.com/cgi-bin/news?msg@57536@comp%2elang%2etcl
http://ww2.altavista.com/cgi-bin/news?msg@1326@comp%2eunix%2esco%2eannounce
http://ww2.altavista.com/cgi-bin/news?msg@207794@comp%2elang%2ec%2b%2b
http://ww2.altavista.com/cgi-bin/news?msg@157244@comp%2elang%2eperl%2emisc
http://ww2.altavista.com/cgi-bin/news?msg@157260@comp%2elang%2eperl%2emisc
http://ww2.altavista.com/cgi-bin/news?msg@157277@comp%2elang%2eperl%2emisc
http://ww2.altavista.com/cgi-bin/news?msg@157284@comp%2elang%2eperl%2emisc
http://ww2.altavista.com/cgi-bin/news?msg@157285@comp%2elang%2eperl%2emisc
http://ww2.altavista.com/cgi-bin/news?msg@157328@comp%2elang%2eperl%2emisc
http://ww2.altavista.com/cgi-bin/news?msg@157344@comp%2elang%2eperl%2emisc
http://ww2.altavista.com/cgi-bin/news?msg@123735@comp%2esys%2emac%2ecomm
http://ww2.altavista.com/cgi-bin/news?msg@16078@comp%2elang%2eperl%2emodules
http://ww2.altavista.com/cgi-bin/news?msg@16079@comp%2elang%2eperl%2emodules
http://ww2.altavista.com/cgi-bin/news?msg@207941@comp%2elang%2ec%2b%2b
http://ww2.altavista.com/cgi-bin/news?msg@157357@comp%2elang%2eperl%2emisc
http://ww2.altavista.com/cgi-bin/news?msg@157409@comp%2elang%2eperl%2emisc
http://ww2.altavista.com/cgi-bin/news?msg@16104@comp%2elang%2eperl%2emodules
http://ww2.altavista.com/cgi-bin/news?msg@157461@comp%2elang%2eperl%2emisc
http://ww2.altavista.com/cgi-bin/news?msg@157508@comp%2elang%2eperl%2emisc
http://ww2.altavista.com/cgi-bin/news?msg@157561@comp%2elang%2eperl%2emisc
http://ww2.altavista.com/cgi-bin/news?msg@157579@comp%2elang%2eperl%2emisc
http://ww2.altavista.com/cgi-bin/news?msg@157614@comp%2elang%2eperl%2emisc
http://ww2.altavista.com/cgi-bin/news?msg@16135@comp%2elang%2eperl%2emodules
http://ww2.altavista.com/cgi-bin/news?msg@53878@comp%2edatabases%2einformix
http://ww2.altavista.com/cgi-bin/news?msg@157633@comp%2elang%2eperl%2emisc
http://ww2.altavista.com/cgi-bin/news?msg@16152@comp%2elang%2eperl%2emodules
http://ww2.altavista.com/cgi-bin/news?msg@16158@comp%2elang%2eperl%2emodules
http://ww2.altavista.com/cgi-bin/news?msg@157828@comp%2elang%2eperl%2emisc
http://ww2.altavista.com/cgi-bin/news?msg@53922@comp%2edatabases%2einformix
http://ww2.altavista.com/cgi-bin/news?msg@157864@comp%2elang%2eperl%2emisc
http://ww2.altavista.com/cgi-bin/news?msg@16167@comp%2elang%2eperl%2emodules
http://ww2.altavista.com/cgi-bin/news?msg@16169@comp%2elang%2eperl%2emodules
http://ww2.altavista.com/cgi-bin/news?msg@16174@comp%2elang%2eperl%2emodules
http://ww2.altavista.com/cgi-bin/news?msg@157882@comp%2elang%2eperl%2emisc
http://ww2.altavista.com/cgi-bin/news?msg@16182@comp%2elang%2eperl%2emodules
http://ww2.altavista.com/cgi-bin/news?msg@16184@comp%2elang%2eperl%2emodules
http://ww2.altavista.com/cgi-bin/news?msg@157911@comp%2elang%2eperl%2emisc
http://ww2.altavista.com/cgi-bin/news?msg@181558@comp%2eos%2elinux%2esetup
http://ww2.altavista.com/cgi-bin/news?msg@181579@comp%2eos%2elinux%2esetup
http://ww2.altavista.com/cgi-bin/news?msg@157982@comp%2elang%2eperl%2emisc
http://ww2.altavista.com/cgi-bin/news?msg@16211@comp%2elang%2eperl%2emodules
http://ww2.altavista.com/cgi-bin/news?msg@41037@comp%2edatabases%2ems%2dsqlserver
http://ww2.altavista.com/cgi-bin/news?msg@158075@comp%2elang%2eperl%2emisc
http://ww2.altavista.com/cgi-bin/news?msg@158100@comp%2elang%2eperl%2emisc
http://ww2.altavista.com/cgi-bin/news?msg@158103@comp%2elang%2eperl%2emisc
http://ww2.altavista.com/cgi-bin/news?msg@68079@comp%2esys%2eibm%2eas400%2emisc
http://ww2.altavista.com/cgi-bin/news?msg@16234@comp%2elang%2eperl%2emodules
http://ww2.altavista.com/cgi-bin/news?msg@202210@comp%2einfosystems%2ewww%2eauthoring%2ehtml
http://ww2.altavista.com/cgi-bin/news?msg@23850@comp%2elang%2ejava%2ehelp
http://ww2.altavista.com/cgi-bin/news?msg@56474@comp%2elang%2ejava%2eadvocacy
http://ww2.altavista.com/cgi-bin/news?msg@158178@comp%2elang%2eperl%2emisc
http://ww2.altavista.com/cgi-bin/news?msg@55636@comp%2einfosystems%2ewww%2eauthoring%2ecgi
http://ww2.altavista.com/cgi-bin/news?msg@16236@comp%2elang%2eperl%2emodules
http://ww2.altavista.com/cgi-bin/news?msg@16246@comp%2elang%2eperl%2emodules
http://ww2.altavista.com/cgi-bin/news?msg@158250@comp%2elang%2eperl%2emisc
http://ww2.altavista.com/cgi-bin/news?msg@56518@comp%2elang%2ejava%2eadvocacy
http://ww2.altavista.com/cgi-bin/news?msg@158286@comp%2elang%2eperl%2emisc
http://ww2.altavista.com/cgi-bin/news?msg@158299@comp%2elang%2eperl%2emisc
http://ww2.altavista.com/cgi-bin/news?msg@16255@comp%2elang%2eperl%2emodules
http://ww2.altavista.com/cgi-bin/news?msg@158385@comp%2elang%2eperl%2emisc
http://ww2.altavista.com/cgi-bin/news?msg@158429@comp%2elang%2eperl%2emisc
http://ww2.altavista.com/cgi-bin/news?msg@158545@comp%2elang%2eperl%2emisc
http://ww2.altavista.com/cgi-bin/news?msg@16309@comp%2elang%2eperl%2emodules
http://ww2.altavista.com/cgi-bin/news?msg@158616@comp%2elang%2eperl%2emisc
http://ww2.altavista.com/cgi-bin/news?msg@158655@comp%2elang%2eperl%2emisc
http://ww2.altavista.com/cgi-bin/news?msg@158659@comp%2elang%2eperl%2emisc
http://ww2.altavista.com/cgi-bin/news?msg@158673@comp%2elang%2eperl%2emisc
http://ww2.altavista.com/cgi-bin/news?msg@158696@comp%2elang%2eperl%2emisc
http://ww2.altavista.com/cgi-bin/news?msg@158735@comp%2elang%2eperl%2emisc
http://ww2.altavista.com/cgi-bin/news?msg@58186@comp%2elang%2etcl
http://ww2.altavista.com/cgi-bin/news?msg@158773@comp%2elang%2eperl%2emisc
http://ww2.altavista.com/cgi-bin/news?msg@183108@comp%2eos%2elinux%2esetup
http://ww2.altavista.com/cgi-bin/news?msg@16347@comp%2elang%2eperl%2emodules
http://ww2.altavista.com/cgi-bin/news?msg@16348@comp%2elang%2eperl%2emodules
http://ww2.altavista.com/cgi-bin/news?msg@158824@comp%2elang%2eperl%2emisc
http://ww2.altavista.com/cgi-bin/news?msg@202543@comp%2einfosystems%2ewww%2eauthoring%2ehtml
http://ww2.altavista.com/cgi-bin/news?msg@158868@comp%2elang%2eperl%2emisc
http://ww2.altavista.com/cgi-bin/news?msg@158884@comp%2elang%2eperl%2emisc
http://ww2.altavista.com/cgi-bin/news?msg@158940@comp%2elang%2eperl%2emisc
http://ww2.altavista.com/cgi-bin/news?msg@158954@comp%2elang%2eperl%2emisc
http://ww2.altavista.com/cgi-bin/news?msg@16360@comp%2elang%2eperl%2emodules
http://ww2.altavista.com/cgi-bin/news?msg@16361@comp%2elang%2eperl%2emodules
http://ww2.altavista.com/cgi-bin/news?msg@16369@comp%2elang%2eperl%2emodules
http://ww2.altavista.com/cgi-bin/news?msg@55730@comp%2einfosystems%2ewww%2eauthoring%2ecgi
http://ww2.altavista.com/cgi-bin/news?msg@16378@comp%2elang%2eperl%2emodules
http://ww2.altavista.com/cgi-bin/news?msg@16383@comp%2elang%2eperl%2emodules
http://ww2.altavista.com/cgi-bin/news?msg@439@comp%2elang%2eperl%2emoderated
http://ww2.altavista.com/cgi-bin/news?msg@54248@comp%2edatabases%2einformix
http://ww2.altavista.com/cgi-bin/news?msg@159199@comp%2elang%2eperl%2emisc
http://ww2.altavista.com/cgi-bin/news?msg@16404@comp%2elang%2eperl%2emodules
http://ww2.altavista.com/cgi-bin/news?msg@159214@comp%2elang%2eperl%2emisc
http://ww2.altavista.com/cgi-bin/news?msg@159215@comp%2elang%2eperl%2emisc
http://ww2.altavista.com/cgi-bin/news?msg@159243@comp%2elang%2eperl%2emisc
http://ww2.altavista.com/cgi-bin/news?msg@159267@comp%2elang%2eperl%2emisc
http://ww2.altavista.com/cgi-bin/news?msg@159285@comp%2elang%2eperl%2emisc
http://ww2.altavista.com/cgi-bin/news?msg@159335@comp%2elang%2eperl%2emisc
http://ww2.altavista.com/cgi-bin/news?msg@55753@comp%2einfosystems%2ewww%2eauthoring%2ecgi
http://ww2.altavista.com/cgi-bin/news?msg@55756@comp%2einfosystems%2ewww%2eauthoring%2ecgi
http://ww2.altavista.com/cgi-bin/news?msg@442@comp%2elang%2eperl%2emoderated
http://ww2.altavista.com/cgi-bin/news?msg@444@comp%2elang%2eperl%2emoderated
http://ww2.altavista.com/cgi-bin/news?msg@445@comp%2elang%2eperl%2emoderated
http://ww2.altavista.com/cgi-bin/news?msg@16437@comp%2elang%2eperl%2emodules
http://ww2.altavista.com/cgi-bin/news?msg@55763@comp%2einfosystems%2ewww%2eauthoring%2ecgi
http://ww2.altavista.com/cgi-bin/news?msg@159434@comp%2elang%2eperl%2emisc
http://ww2.altavista.com/cgi-bin/news?msg@55769@comp%2einfosystems%2ewww%2eauthoring%2ecgi
http://ww2.altavista.com/cgi-bin/news?msg@45744@comp%2einfosystems%2ewww%2eservers%2eunix
http://ww2.altavista.com/cgi-bin/news?msg@159469@comp%2elang%2eperl%2emisc
http://ww2.altavista.com/cgi-bin/news?msg@448@comp%2elang%2eperl%2emoderated
http://ww2.altavista.com/cgi-bin/news?msg@159553@comp%2elang%2eperl%2emisc
http://ww2.altavista.com/cgi-bin/news?msg@159556@comp%2elang%2eperl%2emisc
http://ww2.altavista.com/cgi-bin/news?msg@159561@comp%2elang%2eperl%2emisc
http://ww2.altavista.com/cgi-bin/news?msg@159564@comp%2elang%2eperl%2emisc
http://ww2.altavista.com/cgi-bin/news?msg@184192@comp%2eos%2elinux%2esetup
http://ww2.altavista.com/cgi-bin/news?msg@159577@comp%2elang%2eperl%2emisc
http://ww2.altavista.com/cgi-bin/news?msg@159587@comp%2elang%2eperl%2emisc
http://ww2.altavista.com/cgi-bin/news?msg@55788@comp%2einfosystems%2ewww%2eauthoring%2ecgi
http://ww2.altavista.com/cgi-bin/news?msg@159607@comp%2elang%2eperl%2emisc
http://ww2.altavista.com/cgi-bin/news?msg@55792@comp%2einfosystems%2ewww%2eauthoring%2ecgi
http://ww2.altavista.com/cgi-bin/news?msg@8727@comp%2elang%2eperl%2etk
http://ww2.altavista.com/cgi-bin/news?msg@21334@comp%2elang%2eeiffel
http://ww2.altavista.com/cgi-bin/news?msg@159650@comp%2elang%2eperl%2emisc
http://ww2.altavista.com/cgi-bin/news?msg@159652@comp%2elang%2eperl%2emisc
http://ww2.altavista.com/cgi-bin/news?msg@159660@comp%2elang%2eperl%2emisc
http://ww2.altavista.com/cgi-bin/news?msg@159665@comp%2elang%2eperl%2emisc
http://ww2.altavista.com/cgi-bin/news?msg@159679@comp%2elang%2eperl%2emisc
http://ww2.altavista.com/cgi-bin/news?msg@21345@comp%2elang%2eeiffel
http://ww2.altavista.com/cgi-bin/news?msg@159705@comp%2elang%2eperl%2emisc
http://ww2.altavista.com/cgi-bin/news?msg@159718@comp%2elang%2eperl%2emisc
http://ww2.altavista.com/cgi-bin/news?msg@159736@comp%2elang%2eperl%2emisc
http://ww2.altavista.com/cgi-bin/news?msg@16501@comp%2elang%2eperl%2emodules
http://ww2.altavista.com/cgi-bin/news?msg@54471@comp%2edatabases%2einformix
http://ww2.altavista.com/cgi-bin/news?msg@159775@comp%2elang%2eperl%2emisc
http://ww2.altavista.com/cgi-bin/news?msg@159792@comp%2elang%2eperl%2emisc
http://ww2.altavista.com/cgi-bin/news?msg@159801@comp%2elang%2eperl%2emisc
http://ww2.altavista.com/cgi-bin/news?msg@16510@comp%2elang%2eperl%2emodules
http://ww2.altavista.com/cgi-bin/news?msg@16511@comp%2elang%2eperl%2emodules
http://ww2.altavista.com/cgi-bin/news?msg@16513@comp%2elang%2eperl%2emodules
http://ww2.altavista.com/cgi-bin/news?msg@45886@comp%2einfosystems%2ewww%2eservers%2eunix
http://ww2.altavista.com/cgi-bin/news?msg@16519@comp%2elang%2eperl%2emodules
http://ww2.altavista.com/cgi-bin/news?msg@16521@comp%2elang%2eperl%2emodules
http://ww2.altavista.com/cgi-bin/news?msg@159914@comp%2elang%2eperl%2emisc
http://ww2.altavista.com/cgi-bin/news?msg@159930@comp%2elang%2eperl%2emisc
http://ww2.altavista.com/cgi-bin/news?msg@55846@comp%2einfosystems%2ewww%2eauthoring%2ecgi
http://ww2.altavista.com/cgi-bin/news?msg@159969@comp%2elang%2eperl%2emisc
http://ww2.altavista.com/cgi-bin/news?msg@159976@comp%2elang%2eperl%2emisc
http://ww2.altavista.com/cgi-bin/news?msg@466@comp%2elang%2eperl%2emoderated
http://ww2.altavista.com/cgi-bin/news?msg@192855@comp%2elang%2ejava%2eprogrammer
http://ww2.altavista.com/cgi-bin/news?msg@36462@comp%2elang%2epython
http://ww2.altavista.com/cgi-bin/news?msg@21392@comp%2elang%2eeiffel
http://ww2.altavista.com/cgi-bin/news?msg@160037@comp%2elang%2eperl%2emisc
http://ww2.altavista.com/cgi-bin/news?msg@160040@comp%2elang%2eperl%2emisc
http://ww2.altavista.com/cgi-bin/news?msg@160077@comp%2elang%2eperl%2emisc
http://ww2.altavista.com/cgi-bin/news?msg@160083@comp%2elang%2eperl%2emisc
http://ww2.altavista.com/cgi-bin/news?msg@160094@comp%2elang%2eperl%2emisc
http://ww2.altavista.com/cgi-bin/news?msg@160109@comp%2elang%2eperl%2emisc
http://ww2.altavista.com/cgi-bin/news?msg@16563@comp%2elang%2eperl%2emodules
http://ww2.altavista.com/cgi-bin/news?msg@6545@comp%2elang%2ejava%2esoftwaretools
http://ww2.altavista.com/cgi-bin/news?msg@8781@comp%2elang%2eperl%2etk
http://ww2.altavista.com/cgi-bin/news?msg@473@comp%2elang%2eperl%2emoderated
http://ww2.altavista.com/cgi-bin/news?msg@160136@comp%2elang%2eperl%2emisc
http://ww2.altavista.com/cgi-bin/news?msg@16569@comp%2elang%2eperl%2emodules
http://ww2.altavista.com/cgi-bin/news?msg@160190@comp%2elang%2eperl%2emisc
http://ww2.altavista.com/cgi-bin/news?msg@160198@comp%2elang%2eperl%2emisc
http://ww2.altavista.com/cgi-bin/news?msg@16576@comp%2elang%2eperl%2emodules
http://ww2.altavista.com/cgi-bin/news?msg@16582@comp%2elang%2eperl%2emodules
http://ww2.altavista.com/cgi-bin/news?msg@160220@comp%2elang%2eperl%2emisc
http://ww2.altavista.com/cgi-bin/news?msg@2302@comp%2eprotocols%2emisc
http://ww2.altavista.com/cgi-bin/news?msg@55878@comp%2einfosystems%2ewww%2eauthoring%2ecgi
http://ww2.altavista.com/cgi-bin/news?msg@16585@comp%2elang%2eperl%2emodules
http://ww2.altavista.com/cgi-bin/news?msg@160272@comp%2elang%2eperl%2emisc
http://ww2.altavista.com/cgi-bin/news?msg@160276@comp%2elang%2eperl%2emisc
http://ww2.altavista.com/cgi-bin/news?msg@160284@comp%2elang%2eperl%2emisc
http://ww2.altavista.com/cgi-bin/news?msg@16594@comp%2elang%2eperl%2emodules
http://ww2.altavista.com/cgi-bin/news?msg@16601@comp%2elang%2eperl%2emodules
http://ww2.altavista.com/cgi-bin/news?msg@16602@comp%2elang%2eperl%2emodules
http://ww2.altavista.com/cgi-bin/news?msg@221437@comp%2eos%2elinux%2emisc
http://ww2.altavista.com/cgi-bin/news?msg@160363@comp%2elang%2eperl%2emisc
http://ww2.altavista.com/cgi-bin/news?msg@160386@comp%2elang%2eperl%2emisc
http://ww2.altavista.com/cgi-bin/news?msg@160425@comp%2elang%2eperl%2emisc
http://ww2.altavista.com/cgi-bin/news?msg@160448@comp%2elang%2eperl%2emisc
http://ww2.altavista.com/cgi-bin/news?msg@160450@comp%2elang%2eperl%2emisc
http://ww2.altavista.com/cgi-bin/news?msg@160472@comp%2elang%2eperl%2emisc
http://ww2.altavista.com/cgi-bin/news?msg@55937@comp%2einfosystems%2ewww%2eauthoring%2ecgi
http://ww2.altavista.com/cgi-bin/news?msg@16612@comp%2elang%2eperl%2emodules
http://ww2.altavista.com/cgi-bin/news?msg@16613@comp%2elang%2eperl%2emodules
http://ww2.altavista.com/cgi-bin/news?msg@16627@comp%2elang%2eperl%2emodules
http://ww2.altavista.com/cgi-bin/news?msg@8827@comp%2elang%2eperl%2etk
http://ww2.altavista.com/cgi-bin/news?msg@8828@comp%2elang%2eperl%2etk
http://ww2.altavista.com/cgi-bin/news?msg@8829@comp%2elang%2eperl%2etk
http://ww2.altavista.com/cgi-bin/news?msg@489@comp%2elang%2eperl%2emoderated
http://ww2.altavista.com/cgi-bin/news?msg@46915@comp%2edatabases%2eoracle%2eserver
http://ww2.altavista.com/cgi-bin/news?msg@160546@comp%2elang%2eperl%2emisc
http://ww2.altavista.com/cgi-bin/news?msg@160572@comp%2elang%2eperl%2emisc
http://ww2.altavista.com/cgi-bin/news?msg@55946@comp%2einfosystems%2ewww%2eauthoring%2ecgi
http://ww2.altavista.com/cgi-bin/news?msg@46086@comp%2einfosystems%2ewww%2eservers%2eunix
http://ww2.altavista.com/cgi-bin/news?msg@160593@comp%2elang%2eperl%2emisc
http://ww2.altavista.com/cgi-bin/news?msg@502@comp%2elang%2eperl%2emoderated
http://ww2.altavista.com/cgi-bin/news?msg@160646@comp%2elang%2eperl%2emisc
http://ww2.altavista.com/cgi-bin/news?msg@160665@comp%2elang%2eperl%2emisc
http://ww2.altavista.com/cgi-bin/news?msg@16655@comp%2elang%2eperl%2emodules
http://ww2.altavista.com/cgi-bin/news?msg@16657@comp%2elang%2eperl%2emodules
http://ww2.altavista.com/cgi-bin/news?msg@160697@comp%2elang%2eperl%2emisc
http://ww2.altavista.com/cgi-bin/news?msg@160712@comp%2elang%2eperl%2emisc
http://ww2.altavista.com/cgi-bin/news?msg@16667@comp%2elang%2eperl%2emodules
http://ww2.altavista.com/cgi-bin/news?msg@16671@comp%2elang%2eperl%2emodules
http://ww2.altavista.com/cgi-bin/news?msg@160746@comp%2elang%2eperl%2emisc
http://ww2.altavista.com/cgi-bin/news?msg@160781@comp%2elang%2eperl%2emisc
http://ww2.altavista.com/cgi-bin/news?msg@160791@comp%2elang%2eperl%2emisc
http://ww2.altavista.com/cgi-bin/news?msg@16675@comp%2elang%2eperl%2emodules
http://ww2.altavista.com/cgi-bin/news?msg@519@comp%2elang%2eperl%2emoderated
http://ww2.altavista.com/cgi-bin/news?msg@160817@comp%2elang%2eperl%2emisc
http://ww2.altavista.com/cgi-bin/news?msg@16687@comp%2elang%2eperl%2emodules
http://ww2.altavista.com/cgi-bin/news?msg@160865@comp%2elang%2eperl%2emisc
http://ww2.altavista.com/cgi-bin/news?msg@160875@comp%2elang%2eperl%2emisc
http://ww2.altavista.com/cgi-bin/news?msg@25915@comp%2edcom%2elans%2eethernet
http://ww2.altavista.com/cgi-bin/news?msg@186323@comp%2eos%2elinux%2esetup
http://ww2.altavista.com/cgi-bin/news?msg@16699@comp%2elang%2eperl%2emodules
http://ww2.altavista.com/cgi-bin/news?msg@16713@comp%2elang%2eperl%2emodules
http://ww2.altavista.com/cgi-bin/news?msg@161024@comp%2elang%2eperl%2emisc
http://ww2.altavista.com/cgi-bin/news?msg@203568@comp%2einfosystems%2ewww%2eauthoring%2ehtml
http://ww2.altavista.com/cgi-bin/news?msg@161059@comp%2elang%2eperl%2emisc
http://ww2.altavista.com/cgi-bin/news?msg@161060@comp%2elang%2eperl%2emisc
http://ww2.altavista.com/cgi-bin/news?msg@161074@comp%2elang%2eperl%2emisc
http://ww2.altavista.com/cgi-bin/news?msg@825@comp%2elang%2eperl%2eannounce
http://ww2.altavista.com/cgi-bin/news?msg@161126@comp%2elang%2eperl%2emisc
http://ww2.altavista.com/cgi-bin/news?msg@161148@comp%2elang%2eperl%2emisc
http://ww2.altavista.com/cgi-bin/news?msg@161161@comp%2elang%2eperl%2emisc
http://ww2.altavista.com/cgi-bin/news?msg@161166@comp%2elang%2eperl%2emisc
http://ww2.altavista.com/cgi-bin/news?msg@56026@comp%2einfosystems%2ewww%2eauthoring%2ecgi
http://ww2.altavista.com/cgi-bin/news?msg@46994@comp%2eunix%2eprogrammer
http://ww2.altavista.com/cgi-bin/news?msg@161175@comp%2elang%2eperl%2emisc
http://ww2.altavista.com/cgi-bin/news?msg@16753@comp%2elang%2eperl%2emodules
http://ww2.altavista.com/cgi-bin/news?msg@161254@comp%2elang%2eperl%2emisc
http://ww2.altavista.com/cgi-bin/news?msg@18398@comp%2elang%2elisp
http://ww2.altavista.com/cgi-bin/news?msg@161282@comp%2elang%2eperl%2emisc
http://ww2.altavista.com/cgi-bin/news?msg@161332@comp%2elang%2eperl%2emisc
http://ww2.altavista.com/cgi-bin/news?msg@75678@comp%2eos%2evms
http://ww2.altavista.com/cgi-bin/news?msg@161446@comp%2elang%2eperl%2emisc
http://ww2.altavista.com/cgi-bin/news?msg@161476@comp%2elang%2eperl%2emisc
http://ww2.altavista.com/cgi-bin/news?msg@75709@comp%2eos%2evms
http://ww2.altavista.com/cgi-bin/news?msg@71765@comp%2eunix%2eaix
http://ww2.altavista.com/cgi-bin/news?msg@16793@comp%2elang%2eperl%2emodules
http://ww2.altavista.com/cgi-bin/news?msg@16798@comp%2elang%2eperl%2emodules
http://ww2.altavista.com/cgi-bin/news?msg@829@comp%2elang%2eperl%2eannounce
http://ww2.altavista.com/cgi-bin/news?msg@830@comp%2elang%2eperl%2eannounce
http://ww2.altavista.com/cgi-bin/news?msg@161549@comp%2elang%2eperl%2emisc
http://ww2.altavista.com/cgi-bin/news?msg@16805@comp%2elang%2eperl%2emodules
http://ww2.altavista.com/cgi-bin/news?msg@161633@comp%2elang%2eperl%2emisc
http://ww2.altavista.com/cgi-bin/news?msg@56093@comp%2einfosystems%2ewww%2eauthoring%2ecgi
http://ww2.altavista.com/cgi-bin/news?msg@16813@comp%2elang%2eperl%2emodules
http://ww2.altavista.com/cgi-bin/news?msg@161639@comp%2elang%2eperl%2emisc
http://ww2.altavista.com/cgi-bin/news?msg@161651@comp%2elang%2eperl%2emisc
http://ww2.altavista.com/cgi-bin/news?msg@161669@comp%2elang%2eperl%2emisc
http://ww2.altavista.com/cgi-bin/news?msg@75771@comp%2eos%2evms
http://ww2.altavista.com/cgi-bin/news?msg@16824@comp%2elang%2eperl%2emodules
http://ww2.altavista.com/cgi-bin/news?msg@16830@comp%2elang%2eperl%2emodules
http://ww2.altavista.com/cgi-bin/news?msg@16832@comp%2elang%2eperl%2emodules
http://ww2.altavista.com/cgi-bin/news?msg@161725@comp%2elang%2eperl%2emisc
http://ww2.altavista.com/cgi-bin/news?msg@16834@comp%2elang%2eperl%2emodules
http://ww2.altavista.com/cgi-bin/news?msg@12324@comp%2etext%2esgml
http://ww2.altavista.com/cgi-bin/news?msg@187859@comp%2eos%2elinux%2esetup
http://ww2.altavista.com/cgi-bin/news?msg@16842@comp%2elang%2eperl%2emodules
http://ww2.altavista.com/cgi-bin/news?msg@161760@comp%2elang%2eperl%2emisc
http://ww2.altavista.com/cgi-bin/news?msg@187892@comp%2eos%2elinux%2esetup
http://ww2.altavista.com/cgi-bin/news?msg@188023@comp%2eos%2elinux%2esetup
http://ww2.altavista.com/cgi-bin/news?msg@161803@comp%2elang%2eperl%2emisc
http://ww2.altavista.com/cgi-bin/news?msg@16850@comp%2elang%2eperl%2emodules
http://ww2.altavista.com/cgi-bin/news?msg@161817@comp%2elang%2eperl%2emisc
http://ww2.altavista.com/cgi-bin/news?msg@161834@comp%2elang%2eperl%2emisc
http://ww2.altavista.com/cgi-bin/news?msg@161835@comp%2elang%2eperl%2emisc
http://ww2.altavista.com/cgi-bin/news?msg@834@comp%2elang%2eperl%2eannounce
http://ww2.altavista.com/cgi-bin/news?msg@836@comp%2elang%2eperl%2eannounce
http://ww2.altavista.com/cgi-bin/news?msg@837@comp%2elang%2eperl%2eannounce
http://ww2.altavista.com/cgi-bin/news?msg@838@comp%2elang%2eperl%2eannounce
http://ww2.altavista.com/cgi-bin/news?msg@839@comp%2elang%2eperl%2eannounce
http://ww2.altavista.com/cgi-bin/news?msg@840@comp%2elang%2eperl%2eannounce
http://ww2.altavista.com/cgi-bin/news?msg@841@comp%2elang%2eperl%2eannounce
http://ww2.altavista.com/cgi-bin/news?msg@161843@comp%2elang%2eperl%2emisc
http://ww2.altavista.com/cgi-bin/news?msg@161846@comp%2elang%2eperl%2emisc
http://ww2.altavista.com/cgi-bin/news?msg@75822@comp%2eos%2evms
http://ww2.altavista.com/cgi-bin/news?msg@161923@comp%2elang%2eperl%2emisc
http://ww2.altavista.com/cgi-bin/news?msg@161942@comp%2elang%2eperl%2emisc
http://ww2.altavista.com/cgi-bin/news?msg@161957@comp%2elang%2eperl%2emisc
http://ww2.altavista.com/cgi-bin/news?msg@162032@comp%2elang%2eperl%2emisc
http://ww2.altavista.com/cgi-bin/news?msg@188625@comp%2eos%2elinux%2esetup
http://ww2.altavista.com/cgi-bin/news?msg@162058@comp%2elang%2eperl%2emisc
http://ww2.altavista.com/cgi-bin/news?msg@162062@comp%2elang%2eperl%2emisc
http://ww2.altavista.com/cgi-bin/news?msg@188705@comp%2eos%2elinux%2esetup
http://ww2.altavista.com/cgi-bin/news?msg@162105@comp%2elang%2eperl%2emisc
http://ww2.altavista.com/cgi-bin/news?msg@16910@comp%2elang%2eperl%2emodules
http://ww2.altavista.com/cgi-bin/news?msg@162156@comp%2elang%2eperl%2emisc
http://ww2.altavista.com/cgi-bin/news?msg@56164@comp%2einfosystems%2ewww%2eauthoring%2ecgi
http://ww2.altavista.com/cgi-bin/news?msg@41983@comp%2edatabases%2ems%2dsqlserver
http://ww2.altavista.com/cgi-bin/news?msg@41984@comp%2edatabases%2ems%2dsqlserver
http://ww2.altavista.com/cgi-bin/news?msg@16924@comp%2elang%2eperl%2emodules
http://ww2.altavista.com/cgi-bin/news?msg@16925@comp%2elang%2eperl%2emodules
http://ww2.altavista.com/cgi-bin/news?msg@204281@comp%2einfosystems%2ewww%2eauthoring%2ehtml
http://ww2.altavista.com/cgi-bin/news?msg@162266@comp%2elang%2eperl%2emisc
http://ww2.altavista.com/cgi-bin/news?msg@592@comp%2elang%2eperl%2emoderated
http://ww2.altavista.com/cgi-bin/news?msg@16933@comp%2elang%2eperl%2emodules
http://ww2.altavista.com/cgi-bin/news?msg@162342@comp%2elang%2eperl%2emisc
http://ww2.altavista.com/cgi-bin/news?msg@16940@comp%2elang%2eperl%2emodules
http://ww2.altavista.com/cgi-bin/news?msg@599@comp%2elang%2eperl%2emoderated
http://ww2.altavista.com/cgi-bin/news?msg@162387@comp%2elang%2eperl%2emisc
http://ww2.altavista.com/cgi-bin/news?msg@162411@comp%2elang%2eperl%2emisc
http://ww2.altavista.com/cgi-bin/news?msg@162427@comp%2elang%2eperl%2emisc
http://ww2.altavista.com/cgi-bin/news?msg@162429@comp%2elang%2eperl%2emisc
http://ww2.altavista.com/cgi-bin/news?msg@162438@comp%2elang%2eperl%2emisc
http://ww2.altavista.com/cgi-bin/news?msg@56210@comp%2einfosystems%2ewww%2eauthoring%2ecgi
http://ww2.altavista.com/cgi-bin/news?msg@409@alt%2eperl
http://ww2.altavista.com/cgi-bin/news?msg@18198@comp%2eanswers
http://ww2.altavista.com/cgi-bin/news?msg@615@comp%2elang%2eperl%2emoderated
http://ww2.altavista.com/cgi-bin/news?msg@162538@comp%2elang%2eperl%2emisc
http://ww2.altavista.com/cgi-bin/news?msg@162543@comp%2elang%2eperl%2emisc
http://ww2.altavista.com/cgi-bin/news?msg@162568@comp%2elang%2eperl%2emisc
http://ww2.altavista.com/cgi-bin/news?msg@126177@comp%2esys%2emac%2ecomm
http://ww2.altavista.com/cgi-bin/news?msg@162584@comp%2elang%2eperl%2emisc
http://ww2.altavista.com/cgi-bin/news?msg@162598@comp%2elang%2eperl%2emisc
http://ww2.altavista.com/cgi-bin/news?msg@410@alt%2eperl
http://ww2.altavista.com/cgi-bin/news?msg@162624@comp%2elang%2eperl%2emisc
http://ww2.altavista.com/cgi-bin/news?msg@162642@comp%2elang%2eperl%2emisc
http://ww2.altavista.com/cgi-bin/news?msg@162648@comp%2elang%2eperl%2emisc
http://ww2.altavista.com/cgi-bin/news?msg@162672@comp%2elang%2eperl%2emisc
http://ww2.altavista.com/cgi-bin/news?msg@162722@comp%2elang%2eperl%2emisc
http://ww2.altavista.com/cgi-bin/news?msg@162723@comp%2elang%2eperl%2emisc
http://ww2.altavista.com/cgi-bin/news?msg@162758@comp%2elang%2eperl%2emisc
http://ww2.altavista.com/cgi-bin/news?msg@162777@comp%2elang%2eperl%2emisc
http://ww2.altavista.com/cgi-bin/news?msg@56271@comp%2einfosystems%2ewww%2eauthoring%2ecgi
http://ww2.altavista.com/cgi-bin/news?msg@24283@comp%2einfosystems%2ewww%2emisc
http://ww2.altavista.com/cgi-bin/news?msg@162780@comp%2elang%2eperl%2emisc
http://ww2.altavista.com/cgi-bin/news?msg@162793@comp%2elang%2eperl%2emisc
http://ww2.altavista.com/cgi-bin/news?msg@162869@comp%2elang%2eperl%2emisc
http://ww2.altavista.com/cgi-bin/news?msg@17022@comp%2elang%2eperl%2emodules
http://ww2.altavista.com/cgi-bin/news?msg@17025@comp%2elang%2eperl%2emodules
http://ww2.altavista.com/cgi-bin/news?msg@162944@comp%2elang%2eperl%2emisc
http://ww2.altavista.com/cgi-bin/news?msg@162960@comp%2elang%2eperl%2emisc
http://ww2.altavista.com/cgi-bin/news?msg@17029@comp%2elang%2eperl%2emodules
http://ww2.altavista.com/cgi-bin/news?msg@17030@comp%2elang%2eperl%2emodules
http://ww2.altavista.com/cgi-bin/news?msg@31354@comp%2esecurity%2eunix
http://ww2.altavista.com/cgi-bin/news?msg@162987@comp%2elang%2eperl%2emisc
http://ww2.altavista.com/cgi-bin/news?msg@162991@comp%2elang%2eperl%2emisc
http://ww2.altavista.com/cgi-bin/news?msg@162999@comp%2elang%2eperl%2emisc
http://ww2.altavista.com/cgi-bin/news?msg@163007@comp%2elang%2eperl%2emisc
http://ww2.altavista.com/cgi-bin/news?msg@17039@comp%2elang%2eperl%2emodules
http://ww2.altavista.com/cgi-bin/news?msg@163015@comp%2elang%2eperl%2emisc
http://ww2.altavista.com/cgi-bin/news?msg@163016@comp%2elang%2eperl%2emisc
http://ww2.altavista.com/cgi-bin/news?msg@163017@comp%2elang%2eperl%2emisc
http://ww2.altavista.com/cgi-bin/news?msg@163035@comp%2elang%2eperl%2emisc
http://ww2.altavista.com/cgi-bin/news?msg@17048@comp%2elang%2eperl%2emodules
http://ww2.altavista.com/cgi-bin/news?msg@163056@comp%2elang%2eperl%2emisc
http://ww2.altavista.com/cgi-bin/news?msg@74259@comp%2edcom%2esys%2ecisco
http://ww2.altavista.com/cgi-bin/news?msg@163076@comp%2elang%2eperl%2emisc
http://ww2.altavista.com/cgi-bin/news?msg@163110@comp%2elang%2eperl%2emisc
http://ww2.altavista.com/cgi-bin/news?msg@46666@comp%2einfosystems%2ewww%2eservers%2eunix
http://ww2.altavista.com/cgi-bin/news?msg@163148@comp%2elang%2eperl%2emisc
http://ww2.altavista.com/cgi-bin/news?msg@163154@comp%2elang%2eperl%2emisc
http://ww2.altavista.com/cgi-bin/news?msg@163158@comp%2elang%2eperl%2emisc
http://ww2.altavista.com/cgi-bin/news?msg@163173@comp%2elang%2eperl%2emisc
http://ww2.altavista.com/cgi-bin/news?msg@17067@comp%2elang%2eperl%2emodules
http://ww2.altavista.com/cgi-bin/news?msg@163250@comp%2elang%2eperl%2emisc
http://ww2.altavista.com/cgi-bin/news?msg@56332@comp%2einfosystems%2ewww%2eauthoring%2ecgi
http://ww2.altavista.com/cgi-bin/news?msg@17093@comp%2elang%2eperl%2emodules
http://ww2.altavista.com/cgi-bin/news?msg@163272@comp%2elang%2eperl%2emisc
http://ww2.altavista.com/cgi-bin/news?msg@163325@comp%2elang%2eperl%2emisc
http://ww2.altavista.com/cgi-bin/news?msg@163327@comp%2elang%2eperl%2emisc
http://ww2.altavista.com/cgi-bin/news?msg@163344@comp%2elang%2eperl%2emisc
http://ww2.altavista.com/cgi-bin/news?msg@163346@comp%2elang%2eperl%2emisc
http://ww2.altavista.com/cgi-bin/news?msg@17097@comp%2elang%2eperl%2emodules
http://ww2.altavista.com/cgi-bin/news?msg@17098@comp%2elang%2eperl%2emodules
http://ww2.altavista.com/cgi-bin/news?msg@37390@comp%2elang%2epython
http://ww2.altavista.com/cgi-bin/news?msg@163362@comp%2elang%2eperl%2emisc
http://ww2.altavista.com/cgi-bin/news?msg@163368@comp%2elang%2eperl%2emisc
http://ww2.altavista.com/cgi-bin/news?msg@37406@comp%2elang%2epython
http://ww2.altavista.com/cgi-bin/news?msg@42650@comp%2esys%2emac%2eprogrammer%2ehelp
http://ww2.altavista.com/cgi-bin/news?msg@37426@comp%2elang%2epython
http://ww2.altavista.com/cgi-bin/news?msg@17110@comp%2elang%2eperl%2emodules
http://ww2.altavista.com/cgi-bin/news?msg@163459@comp%2elang%2eperl%2emisc
http://ww2.altavista.com/cgi-bin/news?msg@17112@comp%2elang%2eperl%2emodules
http://ww2.altavista.com/cgi-bin/news?msg@17118@comp%2elang%2eperl%2emodules
http://ww2.altavista.com/cgi-bin/news?msg@163498@comp%2elang%2eperl%2emisc
http://ww2.altavista.com/cgi-bin/news?msg@163501@comp%2elang%2eperl%2emisc
http://ww2.altavista.com/cgi-bin/news?msg@163522@comp%2elang%2eperl%2emisc
http://ww2.altavista.com/cgi-bin/news?msg@17120@comp%2elang%2eperl%2emodules
http://ww2.altavista.com/cgi-bin/news?msg@47443@comp%2eunix%2eprogrammer
http://ww2.altavista.com/cgi-bin/news?msg@163562@comp%2elang%2eperl%2emisc
http://ww2.altavista.com/cgi-bin/news?msg@163575@comp%2elang%2eperl%2emisc
http://ww2.altavista.com/cgi-bin/news?msg@163585@comp%2elang%2eperl%2emisc
http://ww2.altavista.com/cgi-bin/news?msg@56386@comp%2einfosystems%2ewww%2eauthoring%2ecgi
http://ww2.altavista.com/cgi-bin/news?msg@678@comp%2elang%2eperl%2emoderated
http://ww2.altavista.com/cgi-bin/news?msg@163636@comp%2elang%2eperl%2emisc
http://ww2.altavista.com/cgi-bin/news?msg@163684@comp%2elang%2eperl%2emisc
http://ww2.altavista.com/cgi-bin/news?msg@46838@comp%2einfosystems%2ewww%2eservers%2eunix
http://ww2.altavista.com/cgi-bin/news?msg@17141@comp%2elang%2eperl%2emodules
http://ww2.altavista.com/cgi-bin/news?msg@17142@comp%2elang%2eperl%2emodules
http://ww2.altavista.com/cgi-bin/news?msg@870@comp%2elang%2eperl%2eannounce
http://ww2.altavista.com/cgi-bin/news?msg@871@comp%2elang%2eperl%2eannounce
http://ww2.altavista.com/cgi-bin/news?msg@163810@comp%2elang%2eperl%2emisc
http://ww2.altavista.com/cgi-bin/news?msg@163811@comp%2elang%2eperl%2emisc
http://ww2.altavista.com/cgi-bin/news?msg@163834@comp%2elang%2eperl%2emisc
http://ww2.altavista.com/cgi-bin/news?msg@695@comp%2elang%2eperl%2emoderated
http://ww2.altavista.com/cgi-bin/news?msg@163879@comp%2elang%2eperl%2emisc
http://ww2.altavista.com/cgi-bin/news?msg@17168@comp%2elang%2eperl%2emodules
http://ww2.altavista.com/cgi-bin/news?msg@198293@comp%2elang%2ejava%2eprogrammer
http://ww2.altavista.com/cgi-bin/news?msg@697@comp%2elang%2eperl%2emoderated
http://ww2.altavista.com/cgi-bin/news?msg@873@comp%2elang%2eperl%2eannounce
http://ww2.altavista.com/cgi-bin/news?msg@198438@comp%2elang%2ejava%2eprogrammer
http://ww2.altavista.com/cgi-bin/news?msg@2164@comp%2edcom%2esys%2ebay%2dnetworks
http://ww2.altavista.com/cgi-bin/news?msg@164062@comp%2elang%2eperl%2emisc
http://ww2.altavista.com/cgi-bin/news?msg@164085@comp%2elang%2eperl%2emisc
http://ww2.altavista.com/cgi-bin/news?msg@429@alt%2eperl
http://ww2.altavista.com/cgi-bin/news?msg@17232@comp%2elang%2eperl%2emodules
http://ww2.altavista.com/cgi-bin/news?msg@164358@comp%2elang%2eperl%2emisc
http://ww2.altavista.com/cgi-bin/news?msg@164384@comp%2elang%2eperl%2emisc
http://ww2.altavista.com/cgi-bin/news?msg@164386@comp%2elang%2eperl%2emisc
http://ww2.altavista.com/cgi-bin/news?msg@164388@comp%2elang%2eperl%2emisc
http://ww2.altavista.com/cgi-bin/news?msg@60803@comp%2elang%2ejava%2eadvocacy
http://ww2.altavista.com/cgi-bin/news?msg@164418@comp%2elang%2eperl%2emisc
http://ww2.altavista.com/cgi-bin/news?msg@164421@comp%2elang%2eperl%2emisc
http://ww2.altavista.com/cgi-bin/news?msg@164439@comp%2elang%2eperl%2emisc
http://ww2.altavista.com/cgi-bin/news?msg@164446@comp%2elang%2eperl%2emisc
http://ww2.altavista.com/cgi-bin/news?msg@164460@comp%2elang%2eperl%2emisc
http://ww2.altavista.com/cgi-bin/news?msg@164493@comp%2elang%2eperl%2emisc
http://ww2.altavista.com/cgi-bin/news?msg@164521@comp%2elang%2eperl%2emisc
http://ww2.altavista.com/cgi-bin/news?msg@164533@comp%2elang%2eperl%2emisc
http://ww2.altavista.com/cgi-bin/news?msg@164537@comp%2elang%2eperl%2emisc
http://ww2.altavista.com/cgi-bin/news?msg@17259@comp%2elang%2eperl%2emodules
http://ww2.altavista.com/cgi-bin/news?msg@17260@comp%2elang%2eperl%2emodules
http://ww2.altavista.com/cgi-bin/news?msg@717@comp%2elang%2eperl%2emoderated
http://ww2.altavista.com/cgi-bin/news?msg@164542@comp%2elang%2eperl%2emisc
http://ww2.altavista.com/cgi-bin/news?msg@164557@comp%2elang%2eperl%2emisc
http://ww2.altavista.com/cgi-bin/news?msg@164596@comp%2elang%2eperl%2emisc
http://ww2.altavista.com/cgi-bin/news?msg@164647@comp%2elang%2eperl%2emisc
http://ww2.altavista.com/cgi-bin/news?msg@164674@comp%2elang%2eperl%2emisc
http://ww2.altavista.com/cgi-bin/news?msg@17264@comp%2elang%2eperl%2emodules
http://ww2.altavista.com/cgi-bin/news?msg@206074@comp%2einfosystems%2ewww%2eauthoring%2ehtml
http://ww2.altavista.com/cgi-bin/news?msg@164709@comp%2elang%2eperl%2emisc
http://ww2.altavista.com/cgi-bin/news?msg@164762@comp%2elang%2eperl%2emisc
http://ww2.altavista.com/cgi-bin/news?msg@17276@comp%2elang%2eperl%2emodules
http://ww2.altavista.com/cgi-bin/news?msg@17288@comp%2elang%2eperl%2emodules
http://ww2.altavista.com/cgi-bin/news?msg@17289@comp%2elang%2eperl%2emodules
http://ww2.altavista.com/cgi-bin/news?msg@164806@comp%2elang%2eperl%2emisc
http://ww2.altavista.com/cgi-bin/news?msg@164843@comp%2elang%2eperl%2emisc
http://ww2.altavista.com/cgi-bin/news?msg@164932@comp%2elang%2eperl%2emisc
http://ww2.altavista.com/cgi-bin/news?msg@164943@comp%2elang%2eperl%2emisc
http://ww2.altavista.com/cgi-bin/news?msg@164949@comp%2elang%2eperl%2emisc
http://ww2.altavista.com/cgi-bin/news?msg@164950@comp%2elang%2eperl%2emisc
http://ww2.altavista.com/cgi-bin/news?msg@164951@comp%2elang%2eperl%2emisc
http://ww2.altavista.com/cgi-bin/news?msg@164977@comp%2elang%2eperl%2emisc
http://ww2.altavista.com/cgi-bin/news?msg@164996@comp%2elang%2eperl%2emisc
http://ww2.altavista.com/cgi-bin/news?msg@165004@comp%2elang%2eperl%2emisc
http://ww2.altavista.com/cgi-bin/news?msg@165121@comp%2elang%2eperl%2emisc
http://ww2.altavista.com/cgi-bin/news?msg@165125@comp%2elang%2eperl%2emisc
http://ww2.altavista.com/cgi-bin/news?msg@165139@comp%2elang%2eperl%2emisc
http://ww2.altavista.com/cgi-bin/news?msg@165146@comp%2elang%2eperl%2emisc
http://ww2.altavista.com/cgi-bin/news?msg@165162@comp%2elang%2eperl%2emisc
http://ww2.altavista.com/cgi-bin/news?msg@165208@comp%2elang%2eperl%2emisc
http://ww2.altavista.com/cgi-bin/news?msg@8606@comp%2edatabases%2exbase%2emisc
http://ww2.altavista.com/cgi-bin/news?msg@17345@comp%2elang%2eperl%2emodules
http://ww2.altavista.com/cgi-bin/news?msg@34565@comp%2edatabases%2eoracle%2emisc
http://ww2.altavista.com/cgi-bin/news?msg@56552@comp%2einfosystems%2ewww%2eauthoring%2ecgi
http://ww2.altavista.com/cgi-bin/news?msg@60461@comp%2elang%2etcl
http://ww2.altavista.com/cgi-bin/news?msg@740@comp%2elang%2eperl%2emoderated
http://ww2.altavista.com/cgi-bin/news?msg@165356@comp%2elang%2eperl%2emisc
http://ww2.altavista.com/cgi-bin/news?msg@60470@comp%2elang%2etcl
http://ww2.altavista.com/cgi-bin/news?msg@60481@comp%2elang%2etcl
http://ww2.altavista.com/cgi-bin/news?msg@24340@comp%2einfosystems%2ewww%2emisc
http://ww2.altavista.com/cgi-bin/news?msg@24344@comp%2einfosystems%2ewww%2emisc
http://ww2.altavista.com/cgi-bin/news?msg@60516@comp%2elang%2etcl
http://ww2.altavista.com/cgi-bin/news?msg@165539@comp%2elang%2eperl%2emisc
http://ww2.altavista.com/cgi-bin/news?msg@165568@comp%2elang%2eperl%2emisc
http://ww2.altavista.com/cgi-bin/news?msg@165621@comp%2elang%2eperl%2emisc
http://ww2.altavista.com/cgi-bin/news?msg@10151@comp%2eunix%2esco%2eprogrammer
http://ww2.altavista.com/cgi-bin/news?msg@875@comp%2elang%2eperl%2eannounce
http://ww2.altavista.com/cgi-bin/news?msg@876@comp%2elang%2eperl%2eannounce
