http://www.cs.washington.edu/homes/lopez/faq.html
http://force.stwing.upenn.edu/starwars/collectfaq.txt
http://www.pitt.edu/~thurn/
http://www.pitt.edu/~thurn/SWB/opeechee.html
http://www.cs.washington.edu/homes/lopez/info.html
http://www.suba.com/~tydirium/bhlinks.html
http://www.stwing.upenn.edu/starwars/collectfaq.txt
http://www.pitt.edu/~thurn/SWB/
http://www.cs.washington.edu/homes/lopez/textfiles.html
http://pages.map.com/starwars/faq.html
http://www.pitt.edu/~thurn/SWC/
http://www.cs.washington.edu/homes/lopez/textf/SWfigures.html
http://www.pitt.edu/~thurn/SWB/tpromos.html
http://www.cs.washington.edu/homes/lopez/textf/all-cards.html
http://www.stwing.upenn.edu/starwars/collect/vartions.txt
http://www.pitt.edu/%7Ethurn/SWB/
http://www.pitt.edu/%7Ethurn/SWC/
http://www.myhomepage.net/~sharke/fan18.htm
http://www.stwing.upenn.edu/starwars/collect/swfigrs.txt
