http://www.1mainstreet.net/greedo.html
http://www.ct-info.com/co/empire/starwars.html
http://www.entertainmentearth.com/
http://www.tias.com/stores/fitinc/starwars-1.html
http://members.tripod.com/~jeff19/collection.html
http://www.toysrgus.com/images-nosta/index.html
http://ourworld.compuserve.com/homepages/stephane_faucourt/SWcollec.htm
http://www.1mainstreet.net/starwars.html
http://www.nightmarefactory.com/starwars.html
http://classic-collectibles.com/12_StarWars%20Figures.htm
http://www.westfield.com/wow/starwars.html
http://www.info2000.net/~jlee/huntquar.htm
http://www.drtonguestoys.com/swcatalog.htm
http://user.mc.net/ncshimp/starwars.htm
http://www.rcboyd.com/starwars/index.htm
http://bradystoys.com/Kenner/StarWars.htm
http://members.aol.com/tusktrader/index.htm
http://www.classic-collectibles.com/star_wars_action_figures_green_normal_picture.htm
http://www.classic-collectibles.com/star_wars_action_figures_orange_normal_picture.htm
http://www.thecomicsource.com/text/ccgsw.html
http://ourworld.compuserve.com/homepages/stephane_faucourt/swpotf95.htm
http://www.tncuniverse.com/tnclist.htm
http://members.aol.com/SweetJezus/swfigs2.htm
http://members.tripod.com/~kpikemusic/starwars/starwarscd.html
http://www.wfp51744.w1.com/actfig.htm
http://www.spacestar.net/users/rbig/jediknights/actionfigures/figurelist.htm
http://lightningc.com/oldstarwarstoys.html
http://www.users.mis.net/~lmk9/
http://members.tripod.com/~Greenea/index-3.html
http://www.thecantina.simplenet.com/news.htm
http://www.diamondcomics.com/sp_catalogs/figure_factory/figurefactory_cat.txt
http://members.aol.com/Medolls/co1.html
