http://www.isi.edu/lsam/about/replication.html
http://nii.isi.edu/people/johnh/WORK/index.html
http://gost.isi.edu/~johnh/WORK/index.html
http://sphere.cs.caltech.edu/mailing_lists/dist-obj/msg00886.html
http://www.research.att.com/~misha/tutorial/tutorial-bib.txt
http://www.netpromote.com/search/WWW-Search-1.023/blib/man3/WWW::Search::NorthernLight.3
http://wwwcache.ja.net/events/workshop/14/lsam.html
http://www.scimitar.terena.nl/standardisation/reports/IETF43_Palme/IETF43_Palme.html
http://athos.rutgers.edu/~davison/web-caching/bibliography.html
http://www.law.umich.edu/mplp/casemgmtworkplan.htm
http://www.mplp.org/casemgmtworkplan.htm
http://www-sor.inria.fr/projects/relais/biblio/
http://netresearch.ics.uci.edu/researchclass/web.html
http://www.cs.wpi.edu/~webbib/webbib-date.html
http://www.freecode.com/cgi-bin/viewsource.pl
http://www.krnic.net/ftpsite/internet-drafts/1id-abstracts.txt
