http://www.metroplexweb.com/actingclass/
http://www.palladiumnet.com/WWWishbone/MyShow/TheCast/
http://crisny.org/not-for-profit/cllassie/12tteamb.htm
http://www.sagami.or.jp/~harasawa/seiyuu/List/NishimuraChinami.html
http://pbs.org/wishbone/factsabouttheseries.html
http://www.webmill.com/WebSleuth/celeb/adam_springfield.shtml
http://www3.pbs.org/whatson/1997/10/press/wish__000201.html
http://www.hollywood.com/news/topstories/06-09-98/html/2-5.html
http://149.48.46.5/insidepbs/news/wishbone2.html
http://theory.uwinnipeg.ca/CPAN/data/WWW-Search/WWW/Search/HotBot.html
http://ring.aist.go.jp/archives/lang/perl/CPAN/authors/id/M/MT/MTHURN/HotBot.pm
http://www.kfki.hu/ftp/packages/perl/CPAN/authors/id/M/MT/MTHURN/HotBot.pm
http://www.gbgm-umc.org/willowhill/news/newslet/newslet.html
http://www.lumal.com/usa/cis/female.html
