http://www.cis.ohio-state.edu/~thurn/SWE/pyramid.html
http://www.cis.ohio-state.edu/~thurn/SWE/pizzahut.html
http://www.cis.ohio-state.edu/~thurn/SWE/briefly.html
http://www.cis.ohio-state.edu/~thurn/SWE/kidnation.html
http://www.cis.ohio-state.edu/~thurn/SWE/hanes.html
http://www.cis.ohio-state.edu/~thurn/SWE/authimages.html
http://www.cis.ohio-state.edu/~thurn/SWE/freshcaps.html
http://www.cis.ohio-state.edu/~thurn/SWE/portal.html
http://www.cis.ohio-state.edu/~thurn/SWE/milton.html
http://www.cis.ohio-state.edu/~thurn/SWE/ahprismatic.html
http://www.cis.ohio-state.edu/~thurn/SWE/freeze.html
http://www.cis.ohio-state.edu/~thurn/SWE/eddies.html
http://www.cis.ohio-state.edu/~thurn/SWE/decipher.html
http://www.cis.ohio-state.edu/~thurn/SWE/icons.html
http://www.cis.ohio-state.edu/~thurn/SWE/tinsigns.html
http://www.cis.ohio-state.edu/~thurn/SWE/polydata.html
http://www.cis.ohio-state.edu/~thurn/SWE/pca.html
http://www.cis.ohio-state.edu/~thurn/SWE/littlebrown.html
http://www.cis.ohio-state.edu/~thurn/SWE/goldturt.html
http://www.cis.ohio-state.edu/~thurn/SWB/portal.html
http://www.cis.ohio-state.edu/~thurn/SWB/briefly.html
http://www.cis.ohio-state.edu/~thurn/SWB/kidnation.html
http://www.cis.ohio-state.edu/~thurn/SWB/freshcaps.html
http://www.cis.ohio-state.edu/~thurn/SWB/authimages.html
http://www.cis.ohio-state.edu/~thurn/SWB/freeze.html
http://www.cis.ohio-state.edu/~thurn/SWB/topps-heads.html
http://www.cis.ohio-state.edu/~thurn/SWB/topps-master.html
http://www.cis.ohio-state.edu/~thurn/SWB/decipher.html
http://www.cis.ohio-state.edu/~thurn/SWB/topps-ESBlarge.html
http://www.cis.ohio-state.edu/~thurn/SWB/topps-vehicles.html
http://www.cis.ohio-state.edu/~thurn/SWE/abbrevs.html
http://www.cis.ohio-state.edu/~thurn/SWE/kenner.html
http://www.cis.ohio-state.edu/~thurn/SWE/rubies.html
http://www.cis.ohio-state.edu/~thurn/SWE/highbridge.html
http://www.cis.ohio-state.edu/~thurn/SWB/topps-caps.html
http://www.cis.ohio-state.edu/~thurn/SWB/highbridge.html
http://www.cis.ohio-state.edu/~thurn/SWE/rolling.html
http://www.pitt.edu/~thurn/SWB/freeze.html
http://www.pitt.edu/~thurn/SWB/littlebrown.html
http://www.pitt.edu/~thurn/SWB/kenner.html
http://www.pitt.edu/~thurn/SWB/advanced.html
http://www.pitt.edu/~thurn/SWB/abbrevs.html
http://www.pitt.edu/~thurn/SWB/briefly.html
http://www.pitt.edu/~thurn/SWB/topps-heads.html
http://www.cis.ohio-state.edu/~thurn/SWE/antioch.html
http://www.cis.ohio-state.edu/~thurn/SWE/hope.html
http://www.pitt.edu/~thurn/SWB/topps-pinups.html
http://www.cis.ohio-state.edu/~thurn/SWB/ahprismatic.html
http://www.pitt.edu/~thurn/SWB/ahprismatic.html
http://www.pitt.edu/~thurn/SWB/antioch.html
http://www.pitt.edu/~thurn/SWB/decipher.html
http://www.cis.ohio-state.edu/~thurn/SWB/advanced.html
http://www.cis.ohio-state.edu/~thurn/SWE/microgames.html
http://www.cis.ohio-state.edu/~thurn/SWE/hamilton.html
http://www.pitt.edu/~thurn/SWB/kidnation.html
http://www.pitt.edu/~thurn/SWB/microgames.html
http://www.cis.ohio-state.edu/~thurn/SWE/mead.html
http://www.cis.ohio-state.edu/~thurn/SWB/microgames.html
http://www.cis.ohio-state.edu/~thurn/SWB/topps-pinups.html
http://www.cis.ohio-state.edu/~thurn/SWE/berkley.html
http://www.cis.ohio-state.edu/~thurn/SWE/donpost.html
http://www.cis.ohio-state.edu/~thurn/SWB/berkley.html
http://www.cis.ohio-state.edu/~thurn/SWE/parker.html
http://www.cis.ohio-state.edu/~thurn/SWE/zanart.html
http://www.cis.ohio-state.edu/~thurn/SWB/parker.html
http://www.cis.ohio-state.edu/~thurn/SWB/rolling.html
http://www.cis.ohio-state.edu/~thurn/SWE/willitts.html
http://www.cis.ohio-state.edu/~thurn/SWE/lookup.html
http://www.cis.ohio-state.edu/~thurn/SWE/metallic.html
http://www.cis.ohio-state.edu/~thurn/SWE/amt.html
http://www.cis.ohio-state.edu/~thurn/SWB/willitts.html
http://www.cis.ohio-state.edu/~thurn/SWB/metallic.html
http://www.pitt.edu/~thurn/SWB/lookup.html
http://www.pitt.edu/~thurn/SWB/metallic.html
http://www.cis.ohio-state.edu/~thurn/SWB/topps-finest.html
http://www.cis.ohio-state.edu/~thurn/SWE/rawcliffe.html
http://www.cis.ohio-state.edu/~thurn/SWE/tiger.html
http://www.cis.ohio-state.edu/~thurn/SWE/roseart.html
http://www.pitt.edu/~thurn/SWB/amt.html
http://www.cis.ohio-state.edu/~thurn/SWB/rawcliffe.html
http://www.cis.ohio-state.edu/~thurn/SWE/tacobell.html
http://www.cis.ohio-state.edu/~thurn/SWE/opeechee.html
http://www.cis.ohio-state.edu/~thurn/SWB/dh-de.html
http://www.cis.ohio-state.edu/~thurn/SWE/hollywood.html
http://www.cis.ohio-state.edu/~thurn/SWB/roseart.html
http://www.cis.ohio-state.edu/~thurn/SWE/changes.html
http://www.cis.ohio-state.edu/~thurn/SWE/applause.html
http://www.pitt.edu/~thurn/SWB/changes.html
http://www.cis.ohio-state.edu/~thurn/SWE/random.html
http://www.cis.ohio-state.edu/~thurn/SWB/art-darkhorse.html
http://www.cis.ohio-state.edu/~thurn/SWB/applause.html
http://www.pitt.edu/~thurn/SWB/applause.html
http://www.cis.ohio-state.edu/~thurn/SWB/random.html
http://www.pitt.edu/~thurn/SWB/t.html
http://www.pitt.edu/~thurn/SWB/index.html
http://www.cis.ohio-state.edu/~thurn/SWE/justtoys.html
http://www.cis.ohio-state.edu/~thurn/SWE/t.html
http://www.cis.ohio-state.edu/~thurn/SWE/
http://www.cis.ohio-state.edu/~thurn/SWB/topps-SE.html
http://www.pitt.edu/~thurn/SWB/justtoys.html
http://www.pitt.edu/~thurn/SWB/ballantine.html
http://www.pitt.edu/~thurn/SWB/m.html
http://www.cis.ohio-state.edu/~thurn/SWB/topps-ROJ.html
http://www.cis.ohio-state.edu/~thurn/SWE/marvel.html
http://www.cis.ohio-state.edu/~thurn/SWB/ballantine.html
http://www.pitt.edu/~thurn/SWB/marvel.html
http://www.pitt.edu/~thurn/SWB/topps-galaxy.html
http://www.cis.ohio-state.edu/~thurn/SWB/topps-galaxy.html
http://www.cis.ohio-state.edu/~thurn/SWB/companies.html
http://www.pitt.edu/~thurn/SWB/companies.html
http://www.cis.ohio-state.edu/~thurn/SWE/companies.html
http://www.cis.ohio-state.edu/~thurn/SWE/darkhorse.html
http://www.cis.ohio-state.edu/~thurn/SWB/darkhorse.html
http://www.cis.ohio-state.edu/~thurn/SWB/topps-ESB.html
http://www.pitt.edu/~thurn/SWB/topps-ESB.html
http://www.pitt.edu/~thurn/SWB/magazines.html
http://www.cis.ohio-state.edu/~thurn/SWB/calendar.html
http://www.pitt.edu/~thurn/SWB/calendar.html
http://www.cis.ohio-state.edu/~thurn/SWB/topps-SW.html
http://www.cis.ohio-state.edu/~thurn/SWE/calendar.html
http://www.cis.ohio-state.edu/~thurn/SWB/tpromos.html
http://www.cis.ohio-state.edu/~thurn/SWE/tpromos.html
http://www.cis.ohio-state.edu/~thurn/SWE/westend.html
http://www.pitt.edu/~thurn/SWB/tpromos.html
http://www.cis.ohio-state.edu/~thurn/SWE/galoob.html
http://www.cis.ohio-state.edu/~thurn/SWB/galoob.html
http://www.cis.ohio-state.edu/~thurn/SWB/westend.html
http://www.phoaks.com/phoaks/rec/arts/sf/starwars/collecting/resources0.html
http://stwing.resnet.upenn.edu/starwars/collectfaq.txt
http://swa.simplenet.com/iforce/news/collecting/collectf.txt
http://empire.res.wabash.edu/text/collectf.txt
http://www.stwing.upenn.edu/starwars/collectfaq.txt
http://www.cs.washington.edu/homes/lopez/faq.html
http://www.themall.net/~diamond2/swcolfaq.txt
http://www.xmission.com:8000/~gastown/cfti/sw-faq.txt
http://198.60.22.4/~gastown/cfti/sw-faq.txt
http://www1.tripnet.se/~topcat/starwars/ovrigt/swcolfaq.txt
http://pages.map.com/starwars/faq.txt
