http://www.worldbank.org/html/edi/sourcebook/sbxb13.htm
http://www.worldbank.org/html/edi/sourcebook/sbxa14.htm
http://www.worldbank.org/html/edi/sourcebook/sbxs11.htm
http://www.worldbank.org/html/edi/sourcebook/sbxa0104.htm
http://www.worldbank.org/html/prmge/tools/afrndx.htm
http://www.worldbank.org/html/prmge/afrndx.htm
http://www.worldbank.org/aftdr/gender/lstfrm.htm
http://www.worldbank.org/sp/sfunds/present/html/tsld0087.htm
http://www.worldbank.org/html/edi/iemt-pre/lopez.htm
http://www.worldbank.org/html/edi/iemt/lopez.htm
http://www.worldbank.org/html/fpd/technet/mdf/edi-trng/lopez.htm
http://www.worldbank.org/html/extdr/eligible.htm
http://www.worldbank.org/html/extpb/abshtml/13807.htm
http://www.worldbank.org/aftdr/afcbf/staff.htm
http://www.worldbank.org/html/extdr/medguide/madavo.htm
http://www.worldbank.org/aftdr/afcbf/proj.htm
http://www.worldbank.org/html/opr/ois/casp.html
http://www.worldbank.org/aftdr/particip/teams.htm
http://www.worldbank.org/html/extpb/abshtml/12994.htm
http://www.worldbank.org/html/extdr/offrep/afr/afrid97t.htm
