http://ftp.sunet.se/pub3/vendor/microsoft/Softlib/MSLFILES
http://www2.rad.kumc.edu/share
http://rs2.ch.liv.ac.uk/~dlc/Microsoft.txt
http://ap01.physik.uni-greifswald.de/~ftp/internet/cica95.idx
