http://www.kather.net/VisualBasicSource/KnowledgeBase/q174804.txt
http://www2.chinabyte.com/staticpages/builder/builder_download/PRVB/builder_download_PRVB_50_25_last_week.html
http://www.multiplexsoftware.com/research/asp.htm
http://www.cyf-kr.edu.pl/ftp/softlib/full.html
http://sunsite.doc.ic.ac.uk/Mirrors/ftp.microsoft.com/Softlib/index.txt
http://rs2.ch.liv.ac.uk/~dlc/Microsoft.txt
