http://www.dockingbay95.com/dbay95/bossk.html
http://www.ipass.net/~adamcas/bossk.htm
http://idgames.gameaholic.com/idgames/graphics/mdl/bossk.txt
http://www.angelfire.com/or/Dannymanland
http://users.ids.net/~fireman/ph02000.html
http://members.tripod.com/bossk16
http://www.shoplet.com/cdrom/db/69509.html
http://sages.ign.com/codes/7/9041.html
http://www.gamewinners.com/3DO/RebelAssault.htm
http://www.gamewinners.com/SCD/StarWarsRebelAssault.htm
http://www.angelfire.com/pa/goonie71/swgifspage.html
http://users.ids.net/~fireman/contents.html
http://happypuppy.com/cheats/mac/rebelassau-cm1.htm
http://members.aol.com/jorbloom/
http://members.aol.com/jorbloom/
http://members.aol.com/jorbloom/
http://www.soft.net.uk/bobafett
http://www.garden.net/users
http://www.geocities.com/Area51/Vault/1977
http://members.tripod.com/~slave7
http://members.aol.com/skywlker8/ccg.html
http://members.aol.com/sonofskywr/toys.html
http://soundamerica.com/sounds/cartoons/Popeye
http://members.aol.com/Firewalk5/josh.html
http://www.geocities.com/Area51/Dimension/9216
http://www.geocities.com/Area51/Zone/6832/swccg.html
http://acm.cs.umn.edu/~slug/rebel/rebel-codes.html
http://happypuppy.com/cheats/mac/rebelassau-cm2.htm
http://www.dockingbay95.com/dbay95/pot2carfigal.html
http://www.rummaging.com/resale/rwwboard/messages/3160.html
http://www.alpine.k12.ut.us/ths/multimedia/punk.html
http://www.isd2154.k12.mn.us/Pi/sw/decks/darkoperative1.html
http://tiira.cedunet.com/~varhee/JV45.html
http://members.wbs.net/homepages/k/r/a/krahpeejedi.html
http://books.dreambook.com/chewybacca/oolacrumb.html
http://www.the-spidersweb.com/starwars.htm
http://people.mainz.netsurf.de/~engler/person_tyers.html
http://home.tanet.net/stacyw/staces.htm
http://members.tripod.com/~darkvapor
http://clapton.onecom.com/clevelandphoto.htm
http://www.alphalink.com.au/~bens/wave7.html
http://sfranklin.com/users
http://emronfaxnews.com/users
http://www.yavin.net/shop/tfawaction.htm
http://www.starwarsrealm.freeservers.com/links.html
http://www.haight-ashbury.com/starwars/guide.htm
http://www.telecom.csuhayward.edu/~aleung/trivia.htm
http://www.geocities.com/SoHo/Studios/5060/starwars.html
http://galactic-hwy.com/sw_figures.htm
http://www.geocities.com/Area51/Zone/7885/trades.html
http://www.mortdieu.demon.co.uk/
http://www.datapalle.dk/18249.html
http://www.idcomm.com/personal/Fabulous/StarWars/Galoob_B.htm
http://www.accesscom.net/~stormtrooper/dude.htm
http://www.bookbuyer.com/aisles/titles/902750.htm
http://www.geocities.com/Area51/Keep/4289
http://members.xoom.com/snowboarder/StarWars.htm
http://www.anotheruniverse.com/toys/toyshelf/empire.html
http://the-spidersweb.com/starorder.htm
http://home5.swipnet.se/~w-59501/weirdo/
http://www.netins.net/showcase/reading/warsficnew.html
http://www.mcfedries.com/books/cightml/list/934-3.html
http://www.idcomm.com/personal/Fabulous/StarWars/Classic.htm
http://www.bookbuyer.com/aisles/titles/955810.htm
http://idgames.gameaholic.com/idgames.d/graphics/mdl/termnatr.txt
http://user.dcci.com/philip1/Toy_Sales/Star_Wars/star_wars.html
http://hem2.passagen.se/xizor/intresse.htm
http://www.beyond.swccgnews.com/decks/dark14.html
http://www.angelfire.com/ny/jammed/have.wants.html
http://www.geocities.com/Area51/Corridor/7864
http://members.tripod.com/~PSYCOMATT/index-2.html
http://anotheruniverse.com/toys/toyshelf/ret_jedi.html
http://www.planetfortress.com/history/people.shtml
http://vgames.webpoint.com/vid/pgonline/games/0%252C1375%252C427%252C00.html.cmd
http://www.networx.net.au/~melvosh/action.html
http://www.monmouth.com/~dethgate/
http://www.geocities.com/Area51/Station/7207
http://home5.swipnet.se/~w-59501/weirdo/
http://www.shavenwookie.com/spec/manarmor.html
http://www.geocities.com/Area51/4584/
http://www.geocities.com/Area51/4584
http://www.geocities.com/Area51/Shadowlands/7807
http://members.tripod.com/~bradscards/starwars.html
http://motskins.virtualave.net/
http://idgames.gameaholic.com/idgames/graphics/skin_textures/swskins1.txt
http://vgames.webpoint.com/vid/starnews/games/0%252C1283%252C427%252C00.html.cmd
http://vgames.webpoint.com/vid/ecol/games/0%252C1260%252C427%252C00.html.cmd
http://vgames.webpoint.com/vid/postnet/games/0%252C1398%252C427%252C00.html.cmd
http://www.glade.net/~razworld
http://www.mcfedries.com/books/cightml/list/1200-6.html
http://www.mcfedries.com/books/cightml/list/937-2.html
http://www.monmouth.com/~dethgate/
http://www.jedicollectibles.com/newpage5.htm
http://members.tripod.com/~starcapt/starwars.htm
http://www.jps.net/dsmk22/swmain.htm
http://galactic-hwy.com/swccg_dagobah.htm
http://www.toys4sale.com/loose.html
http://members.tripod.com/~poid/Trading/StarWars.htm
http://roblee.hypermart.net/swfigs.htm
http://vgames.webpoint.com/vid/starnews/games/0%252C1283%252C427%252C00.html
http://vgames.webpoint.com/vid/pgonline/games/0%252C1375%252C427%252C00.html
http://www.freevote.com/booth/starwarscharac
http://expage.com/page/swccgtradingpost
http://www.kumachans.com/swfigsloose.htm
http://theforce.net/collecting/vintage/weapons.shtml
http://comunidades.infosel.com/starwars/articulos/colecciones/1739
http://members.aol.com/Jon1232531/starwars.html
http://www.praetor.com/gab/teams/heliotrope_team.htm
http://www.sirstevesguide.com/checklist/potff.html
http://www.netrunner.org/~shield/robots/4-lom.shtml
http://www.jediknight.net/review/jkreviews/sp/cave.htm
http://pcgamesmag.com/gamepro/features/articles/0%252C1306%252C4263%252C00.html
http://www.idggames.net/gamepro/features/articles/0%252C1306%252C4263%252C00.html
http://games.net/gamepro/features/articles/0%252C1306%252C4019%252C00.html
http://www.gamedemos.com/gamepro/features/articles/0%252C1306%252C4263%252C00.html
http://www.games.net/gamepro/features/articles/0%252C1306%252C4263%252C00.html
http://www.games.net/gamepro/features/articles/0%252C1306%252C4019%252C00.html
http://games.net/gamepro/features/articles/0%252C1306%252C4263%252C00.html
http://www.pcgamesmag.com/gamepro/features/articles/0%252C1306%252C4263%252C00.html
http://mosespa.net/books/features/cookbook/feature.gsp/urls%255Bi%255D%3B
http://www.monnok.com/decks/dd2.html
http://www.cdshareware.com/darkjedi.htm
http://www.galactic-hwy.com/sw_figures.htm
http://www.fys.ruu.nl/~fdijkstr/cheats/Rebel_Assault.html
http://www.gamepro.com/exclusives/exclusives74.html
http://gamepro.com/exclusives/ex_74.html
http://theforce.net/collecting/vintage/figures.shtml
http://www.wizardworld.com/w91/starwars/starwars2.html
http://www.idcomm.com/personal/Fabulous/StarWars/galoob.htm
http://www.geocities.com/Area51/Zone/2266/swccg.htm
http://www.starwarscards.net/swf.htm
http://starwars.hasbro.com/low/toy/cont004.htm
http://home.talkcity.com/HardDiskDr/listing31.html
http://home.talkcity.com/HardDiskDr/listing32.html
http://www.countingdown.com/starwars/wizard.htm
http://www.x-pointcgi.com/cgi-bin/users/3800/wwwboard/wwwboard.html
http://www.cs.washington.edu/homes/lopez/images-replicaprops.html
http://www.gis.net/~mcfadden/jmm/swwritet.html
http://www.corona.bc.ca/films/details/bountyhunters.html
http://starwars.miningco.com/library/weekly/aa052598.htm
http://www.valhallanet.com/chris/Star_Wars/Special/special.html
http://idgames.gameaholic.com/idgames/quakec/bots/reaper/msreap20.txt
http://www.fuzzy.nl/marsty/StarWars/SWCollecting/POTFWorld/potf_usa.htm
http://www.geocities.com/TimesSquare/Alley/5728/starwarstradingpost.html
http://members.tripod.com/~ChuckB_Jr/kenner.htm
http://www.geocities.com/Area51/Dunes/9876/main.html
http://members.tripod.com/~TMA4EVER/figureslist.htm
http://www.jedinights.com/command/reviews_mots/culture/culture.htm
http://bluesnews.gameaholic.com/idgames/total_conversions/swmaxx24.txt
http://www.sfsite.com/01a/star48.htm
http://www.beyond.swccgnews.com/articles/rgotmapril.html
http://starwarsccg.com/articles/rgotmapril.html
http://beyond.swccgnews.com/articles/rgotmjanuary.html
http://walden.mvp.net/~esch/toysale.htm
http://www.geocities.com/Area51/Station/5089/trading.html
http://www.starwarscards.net/swg3.htm
http://members.xoom.com/Cougar88/swlex.htm
http://www.rebelscum.com/97apr.asp
http://idgames.gameaholic.com/idgames/total_conversions/swmaxx24.txt
http://www.people.cornell.edu/pages/dlf14/Reviews/front.html
http://starwarsccg.com/articles/rgotmmay.html
http://beyond.swccgnews.com/articles/rgotmmay.html
http://www.beyond.swccgnews.com/articles/rgotmmay.html
http://darkwing.uoregon.edu/~splat/Brother_A_West.html
http://www.angelfire.com/wi/Favre04MVP
http://www.geocities.com/Area51/Dimension/2658/list.html
http://www.jedinights.com/interviews/jedilegacy.htm
http://www.galactic-hwy.com/swccg_se.htm
http://pw1.netcom.com/~leelman/starwars.html
http://members.tripod.com/~cosmicdogcollect/mswp1.htm
http://mypage.goplay.com/bobafett_60
http://pages.whowhere.com/entertainment/joebount/have.html
http://www.toysrgus.com/images-proofcards.html
http://www.rebelscum.com/97may.asp
http://starwarsccg.com/articles/rgotmseptember.html
http://beyond.swccgnews.com/articles/rgotmseptember.html
http://www.mania.com/toys/toynews/toys060697.html
http://bluesnews.gameaholic.com/idgames/graphics/mdl/top20skins-3.txt
http://www.toysrgus.com/textf/all-figs.html
http://wso.williams.edu/~rfoxwell/starwars/SWPics.htm
http://bluesnews.gameaholic.com/idgames/quakec/compilations/sgqcver3.txt
http://theforce.net/books/reviews/r_tales_bhunters.shtml
http://www.theforce.net/books/reviews/r_tales_bhunters.shtml
http://www.rebelscum.com/97feb.asp
http://members.aol.com/jedijef/personal/
http://members.aol.com/jedijef/personal/
http://www.discoverynet.com/~stultz/starwars/homepage.htm
http://www.robozone.com/strwrslst.htm
http://netsector.com/chris/potf1.html
http://www.dogbreedinfo.com/americanpitbull.htm
http://flyingarmadillo.com/cantina/News/news.html
http://www.arts.mcgill.ca/programs/polisci/faculty/rexb/greedo.html
http://members.tripod.com/~ActionMaster/starwars.html
http://www.wiseacres.com/skenner3.htm
http://www.geocities.com/Area51/Vault/6023
http://www.geocities.com/Area51/6690/swccg.html
http://math.lfc.edu/yuen/trading.html
http://members.aol.com/lfett/custom/figures.htm
http://bluesnews.gameaholic.com/idgames/quakec/compilations/turric03.txt
