http://ww2.altavista.com/cgi-bin/news?msg@10743@de%2ecomp%2elang%2eperl
http://ww2.altavista.com/cgi-bin/news?msg@10757@de%2ecomp%2elang%2eperl
http://ww2.altavista.com/cgi-bin/news?msg@187281@comp%2elang%2eperl%2emisc
http://ww2.altavista.com/cgi-bin/news?msg@187532@comp%2elang%2eperl%2emisc
http://ww2.altavista.com/cgi-bin/news?msg@16582@comp%2elang%2eperl%2emodules
http://ww2.altavista.com/cgi-bin/news?msg@161060@comp%2elang%2eperl%2emisc
http://ww2.altavista.com/cgi-bin/news?msg@168147@comp%2elang%2eperl%2emisc
http://ww2.altavista.com/cgi-bin/news?msg@168181@comp%2elang%2eperl%2emisc
http://ww2.altavista.com/cgi-bin/news?msg@168324@comp%2elang%2eperl%2emisc
http://ww2.altavista.com/cgi-bin/news?msg@18238@comp%2elang%2eperl%2emodules
http://ww2.altavista.com/cgi-bin/news?msg@18240@comp%2elang%2eperl%2emodules
http://ww2.altavista.com/cgi-bin/news?msg@18271@comp%2elang%2eperl%2emodules
http://ww2.altavista.com/cgi-bin/news?msg@187670@comp%2elang%2eperl%2emisc
http://ww2.altavista.com/cgi-bin/news?msg@188131@comp%2elang%2eperl%2emisc
http://ww2.altavista.com/cgi-bin/news?msg@188249@comp%2elang%2eperl%2emisc
http://ww2.altavista.com/cgi-bin/news?msg@188485@comp%2elang%2eperl%2emisc
http://ww2.altavista.com/cgi-bin/news?msg@8606@comp%2edatabases%2exbase%2emisc
http://ww2.altavista.com/cgi-bin/news?msg@175355@comp%2elang%2eperl%2emisc
http://ww2.altavista.com/cgi-bin/news?msg@182771@comp%2elang%2eperl%2emisc
http://ww2.altavista.com/cgi-bin/news?msg@188007@comp%2elang%2eperl%2emisc
http://ww2.altavista.com/cgi-bin/news?msg@18404@comp%2elang%2eperl%2emodules
http://ww2.altavista.com/cgi-bin/news?msg@894@comp%2elang%2eperl%2eannounce
http://ww2.altavista.com/cgi-bin/news?msg@1262@comp%2elang%2eperl%2emoderated
http://ww2.altavista.com/cgi-bin/news?msg@173481@comp%2elang%2eperl%2emisc
http://ww2.altavista.com/cgi-bin/news?msg@185965@comp%2elang%2eperl%2emisc
http://ww2.altavista.com/cgi-bin/news?msg@4709@comp%2eunix%2ebsd%2emisc
http://ww2.altavista.com/cgi-bin/news?msg@240129@comp%2eos%2elinux%2emisc
http://ww2.altavista.com/cgi-bin/news?msg@58570@comp%2einfosystems%2ewww%2eauthoring%2ecgi
http://ww2.altavista.com/cgi-bin/news?msg@20485@comp%2elang%2eperl%2emodules
http://ww2.altavista.com/cgi-bin/news?msg@29992@comp%2eprotocols%2etcp%2dip
http://ww2.altavista.com/cgi-bin/news?msg@30020@comp%2eprotocols%2etcp%2dip
http://ww2.altavista.com/cgi-bin/news?msg@188023@comp%2eos%2elinux%2esetup
http://ww2.altavista.com/cgi-bin/news?msg@10144232@junk
http://ww2.altavista.com/cgi-bin/news?msg@123735@comp%2esys%2emac%2ecomm
http://ww2.altavista.com/cgi-bin/news?msg@186323@comp%2eos%2elinux%2esetup
http://ww2.altavista.com/cgi-bin/news?msg@187859@comp%2eos%2elinux%2esetup
http://ww2.altavista.com/cgi-bin/news?msg@187892@comp%2eos%2elinux%2esetup
http://ww2.altavista.com/cgi-bin/news?msg@188625@comp%2eos%2elinux%2esetup
http://ww2.altavista.com/cgi-bin/news?msg@188705@comp%2eos%2elinux%2esetup
http://ww2.altavista.com/cgi-bin/news?msg@54471@comp%2edatabases%2einformix
http://ww2.altavista.com/cgi-bin/news?msg@172969@comp%2elang%2eperl%2emisc
http://ww2.altavista.com/cgi-bin/news?msg@184859@comp%2elang%2eperl%2emisc
http://ww2.altavista.com/cgi-bin/news?msg@10678@comp%2elang%2eperl%2etk
http://ww2.altavista.com/cgi-bin/news?msg@20704@comp%2elang%2eperl%2emodules
http://ww2.altavista.com/cgi-bin/news?msg@20732@comp%2elang%2eperl%2emodules
http://ww2.altavista.com/cgi-bin/news?msg@207482@comp%2elang%2ec%2b%2b
http://ww2.altavista.com/cgi-bin/news?msg@156978@comp%2elang%2eperl%2emisc
http://ww2.altavista.com/cgi-bin/news?msg@157115@comp%2elang%2eperl%2emisc
http://ww2.altavista.com/cgi-bin/news?msg@1326@comp%2eunix%2esco%2eannounce
http://ww2.altavista.com/cgi-bin/news?msg@207794@comp%2elang%2ec%2b%2b
http://ww2.altavista.com/cgi-bin/news?msg@157244@comp%2elang%2eperl%2emisc
http://ww2.altavista.com/cgi-bin/news?msg@207941@comp%2elang%2ec%2b%2b
http://ww2.altavista.com/cgi-bin/news?msg@157357@comp%2elang%2eperl%2emisc
http://ww2.altavista.com/cgi-bin/news?msg@157508@comp%2elang%2eperl%2emisc
http://ww2.altavista.com/cgi-bin/news?msg@157579@comp%2elang%2eperl%2emisc
http://ww2.altavista.com/cgi-bin/news?msg@157828@comp%2elang%2eperl%2emisc
http://ww2.altavista.com/cgi-bin/news?msg@157864@comp%2elang%2eperl%2emisc
http://ww2.altavista.com/cgi-bin/news?msg@16169@comp%2elang%2eperl%2emodules
http://ww2.altavista.com/cgi-bin/news?msg@16182@comp%2elang%2eperl%2emodules
http://ww2.altavista.com/cgi-bin/news?msg@16184@comp%2elang%2eperl%2emodules
http://ww2.altavista.com/cgi-bin/news?msg@158075@comp%2elang%2eperl%2emisc
http://ww2.altavista.com/cgi-bin/news?msg@16234@comp%2elang%2eperl%2emodules
http://ww2.altavista.com/cgi-bin/news?msg@158178@comp%2elang%2eperl%2emisc
http://ww2.altavista.com/cgi-bin/news?msg@16246@comp%2elang%2eperl%2emodules
http://ww2.altavista.com/cgi-bin/news?msg@158250@comp%2elang%2eperl%2emisc
http://ww2.altavista.com/cgi-bin/news?msg@158299@comp%2elang%2eperl%2emisc
http://ww2.altavista.com/cgi-bin/news?msg@16309@comp%2elang%2eperl%2emodules
http://ww2.altavista.com/cgi-bin/news?msg@158773@comp%2elang%2eperl%2emisc
http://ww2.altavista.com/cgi-bin/news?msg@158868@comp%2elang%2eperl%2emisc
http://ww2.altavista.com/cgi-bin/news?msg@158954@comp%2elang%2eperl%2emisc
http://ww2.altavista.com/cgi-bin/news?msg@439@comp%2elang%2eperl%2emoderated
http://ww2.altavista.com/cgi-bin/news?msg@444@comp%2elang%2eperl%2emoderated
http://ww2.altavista.com/cgi-bin/news?msg@445@comp%2elang%2eperl%2emoderated
http://ww2.altavista.com/cgi-bin/news?msg@448@comp%2elang%2eperl%2emoderated
http://ww2.altavista.com/cgi-bin/news?msg@159553@comp%2elang%2eperl%2emisc
http://ww2.altavista.com/cgi-bin/news?msg@159577@comp%2elang%2eperl%2emisc
http://ww2.altavista.com/cgi-bin/news?msg@55788@comp%2einfosystems%2ewww%2eauthoring%2ecgi
http://ww2.altavista.com/cgi-bin/news?msg@55792@comp%2einfosystems%2ewww%2eauthoring%2ecgi
http://ww2.altavista.com/cgi-bin/news?msg@159650@comp%2elang%2eperl%2emisc
http://ww2.altavista.com/cgi-bin/news?msg@159736@comp%2elang%2eperl%2emisc
http://ww2.altavista.com/cgi-bin/news?msg@16513@comp%2elang%2eperl%2emodules
http://ww2.altavista.com/cgi-bin/news?msg@159914@comp%2elang%2eperl%2emisc
http://ww2.altavista.com/cgi-bin/news?msg@466@comp%2elang%2eperl%2emoderated
http://ww2.altavista.com/cgi-bin/news?msg@36462@comp%2elang%2epython
http://ww2.altavista.com/cgi-bin/news?msg@160083@comp%2elang%2eperl%2emisc
http://ww2.altavista.com/cgi-bin/news?msg@160094@comp%2elang%2eperl%2emisc
http://ww2.altavista.com/cgi-bin/news?msg@6545@comp%2elang%2ejava%2esoftwaretools
http://ww2.altavista.com/cgi-bin/news?msg@160272@comp%2elang%2eperl%2emisc
http://ww2.altavista.com/cgi-bin/news?msg@16601@comp%2elang%2eperl%2emodules
http://ww2.altavista.com/cgi-bin/news?msg@16602@comp%2elang%2eperl%2emodules
http://ww2.altavista.com/cgi-bin/news?msg@16612@comp%2elang%2eperl%2emodules
http://ww2.altavista.com/cgi-bin/news?msg@16613@comp%2elang%2eperl%2emodules
http://ww2.altavista.com/cgi-bin/news?msg@489@comp%2elang%2eperl%2emoderated
http://ww2.altavista.com/cgi-bin/news?msg@502@comp%2elang%2eperl%2emoderated
http://ww2.altavista.com/cgi-bin/news?msg@160781@comp%2elang%2eperl%2emisc
http://ww2.altavista.com/cgi-bin/news?msg@16687@comp%2elang%2eperl%2emodules
http://ww2.altavista.com/cgi-bin/news?msg@161074@comp%2elang%2eperl%2emisc
http://ww2.altavista.com/cgi-bin/news?msg@56026@comp%2einfosystems%2ewww%2eauthoring%2ecgi
http://ww2.altavista.com/cgi-bin/news?msg@16753@comp%2elang%2eperl%2emodules
http://ww2.altavista.com/cgi-bin/news?msg@75678@comp%2eos%2evms
http://ww2.altavista.com/cgi-bin/news?msg@75709@comp%2eos%2evms
http://ww2.altavista.com/cgi-bin/news?msg@161549@comp%2elang%2eperl%2emisc
http://ww2.altavista.com/cgi-bin/news?msg@161669@comp%2elang%2eperl%2emisc
http://ww2.altavista.com/cgi-bin/news?msg@838@comp%2elang%2eperl%2eannounce
http://ww2.altavista.com/cgi-bin/news?msg@75822@comp%2eos%2evms
http://ww2.altavista.com/cgi-bin/news?msg@162105@comp%2elang%2eperl%2emisc
http://ww2.altavista.com/cgi-bin/news?msg@56164@comp%2einfosystems%2ewww%2eauthoring%2ecgi
http://ww2.altavista.com/cgi-bin/news?msg@162387@comp%2elang%2eperl%2emisc
http://ww2.altavista.com/cgi-bin/news?msg@162411@comp%2elang%2eperl%2emisc
http://ww2.altavista.com/cgi-bin/news?msg@409@alt%2eperl
http://ww2.altavista.com/cgi-bin/news?msg@162584@comp%2elang%2eperl%2emisc
http://ww2.altavista.com/cgi-bin/news?msg@410@alt%2eperl
http://ww2.altavista.com/cgi-bin/news?msg@162624@comp%2elang%2eperl%2emisc
http://ww2.altavista.com/cgi-bin/news?msg@162722@comp%2elang%2eperl%2emisc
http://ww2.altavista.com/cgi-bin/news?msg@162777@comp%2elang%2eperl%2emisc
http://ww2.altavista.com/cgi-bin/news?msg@17022@comp%2elang%2eperl%2emodules
http://ww2.altavista.com/cgi-bin/news?msg@162987@comp%2elang%2eperl%2emisc
http://ww2.altavista.com/cgi-bin/news?msg@163017@comp%2elang%2eperl%2emisc
http://ww2.altavista.com/cgi-bin/news?msg@46666@comp%2einfosystems%2ewww%2eservers%2eunix
http://ww2.altavista.com/cgi-bin/news?msg@163368@comp%2elang%2eperl%2emisc
http://ww2.altavista.com/cgi-bin/news?msg@17110@comp%2elang%2eperl%2emodules
http://ww2.altavista.com/cgi-bin/news?msg@163459@comp%2elang%2eperl%2emisc
http://ww2.altavista.com/cgi-bin/news?msg@163575@comp%2elang%2eperl%2emisc
http://ww2.altavista.com/cgi-bin/news?msg@163585@comp%2elang%2eperl%2emisc
http://ww2.altavista.com/cgi-bin/news?msg@198293@comp%2elang%2ejava%2eprogrammer
http://ww2.altavista.com/cgi-bin/news?msg@198438@comp%2elang%2ejava%2eprogrammer
http://ww2.altavista.com/cgi-bin/news?msg@17232@comp%2elang%2eperl%2emodules
http://ww2.altavista.com/cgi-bin/news?msg@164386@comp%2elang%2eperl%2emisc
http://ww2.altavista.com/cgi-bin/news?msg@164388@comp%2elang%2eperl%2emisc
http://ww2.altavista.com/cgi-bin/news?msg@164674@comp%2elang%2eperl%2emisc
http://ww2.altavista.com/cgi-bin/news?msg@37156@comp%2eunix%2eshell
http://ww2.altavista.com/cgi-bin/news?msg@164709@comp%2elang%2eperl%2emisc
http://ww2.altavista.com/cgi-bin/news?msg@164806@comp%2elang%2eperl%2emisc
http://ww2.altavista.com/cgi-bin/news?msg@164949@comp%2elang%2eperl%2emisc
http://ww2.altavista.com/cgi-bin/news?msg@165125@comp%2elang%2eperl%2emisc
http://ww2.altavista.com/cgi-bin/news?msg@17345@comp%2elang%2eperl%2emodules
http://ww2.altavista.com/cgi-bin/news?msg@165539@comp%2elang%2eperl%2emisc
http://ww2.altavista.com/cgi-bin/news?msg@165568@comp%2elang%2eperl%2emisc
http://ww2.altavista.com/cgi-bin/news?msg@17425@comp%2elang%2eperl%2emodules
http://ww2.altavista.com/cgi-bin/news?msg@165998@comp%2elang%2eperl%2emisc
http://ww2.altavista.com/cgi-bin/news?msg@17458@comp%2elang%2eperl%2emodules
http://ww2.altavista.com/cgi-bin/news?msg@166089@comp%2elang%2eperl%2emisc
http://ww2.altavista.com/cgi-bin/news?msg@166221@comp%2elang%2eperl%2emisc
http://ww2.altavista.com/cgi-bin/news?msg@163459@comp%2elang%2eperl%2emisc
http://ww2.altavista.com/cgi-bin/news?msg@163575@comp%2elang%2eperl%2emisc
http://ww2.altavista.com/cgi-bin/news?msg@198438@comp%2elang%2ejava%2eprogrammer
http://ww2.altavista.com/cgi-bin/news?msg@164062@comp%2elang%2eperl%2emisc
http://ww2.altavista.com/cgi-bin/news?msg@164085@comp%2elang%2eperl%2emisc
http://ww2.altavista.com/cgi-bin/news?msg@17232@comp%2elang%2eperl%2emodules
http://ww2.altavista.com/cgi-bin/news?msg@164418@comp%2elang%2eperl%2emisc
http://ww2.altavista.com/cgi-bin/news?msg@164439@comp%2elang%2eperl%2emisc
http://ww2.altavista.com/cgi-bin/news?msg@164446@comp%2elang%2eperl%2emisc
http://ww2.altavista.com/cgi-bin/news?msg@164596@comp%2elang%2eperl%2emisc
http://ww2.altavista.com/cgi-bin/news?msg@164806@comp%2elang%2eperl%2emisc
http://ww2.altavista.com/cgi-bin/news?msg@164949@comp%2elang%2eperl%2emisc
http://ww2.altavista.com/cgi-bin/news?msg@165539@comp%2elang%2eperl%2emisc
http://ww2.altavista.com/cgi-bin/news?msg@24479@comp%2eobject%2ecorba
http://ww2.altavista.com/cgi-bin/news?msg@165998@comp%2elang%2eperl%2emisc
http://ww2.altavista.com/cgi-bin/news?msg@166287@comp%2elang%2eperl%2emisc
http://ww2.altavista.com/cgi-bin/news?msg@166345@comp%2elang%2eperl%2emisc
http://ww2.altavista.com/cgi-bin/news?msg@826@comp%2elang%2eperl%2emoderated
http://ww2.altavista.com/cgi-bin/news?msg@828@comp%2elang%2eperl%2emoderated
http://ww2.altavista.com/cgi-bin/news?msg@835@comp%2elang%2eperl%2emoderated
