http://www.isi.edu/ib/
http://www.isi.edu/lsam/ib/about.html
http://www.isi.edu/div7/ib/plan.html
http://www.isi.edu/lsam/ib/index.html
http://www.isi.edu/div7/ib/example.html
http://www.isi.edu/lsam/ib/people.html
http://www.isi.edu/div7/ib/discussion.html
http://theory.uwinnipeg.ca/CPAN/data/WWW-Search/test/Lycos/README.html
http://xent.ics.uci.edu/FoRK-archive/jan98/0429.html
http://www.isi.edu/lsam/ib/related-work.html
http://www.isi.edu/~lsam/about/
http://www.darpa.mil/ito/Summaries97/C370_0.html
