http://www.isi.edu/~johnh/SOFTWARE/APACHE/index.html
http://www.lsamr.com
http://www.isi.edu/lsam/publications/http-perf/index.html
http://www.isi.edu/lsam/publications/phttp_tcp_interactions/index.html
http://www.lsamr.com
http://www.fis.puc-rio.br/lsam.d/hall_eng.html
