http://www.pokemon-trade.com/
http://www.wizards.com/Pokemon/
http://pokecard.bizland.com
http://thepojo.com
http://www.converted2.com/pokemon/
http://www.converted2.com/pokemon/
http://www.gamers.com/console/pokemon/
http://bge.hypermart.net/pokemon
http://cod.dragonfire.net/pokemon/
news:alt.games.nintendo.pokemon
http://www.maccentral.or.jp/pokemon/english_index.html
http://pokedex.cjb.net
http://www.sailorcomet.com
http://www.upnetwork.com/
http://members.tripod.com/~PoidernatorPele
http://www.jah.ne.jp/~kmoro/poke/poketop.htm
http://members.xoom.com/little_matty/
http://www.pokec.com
http://www.quakeclan.net/mos/pokemonfarm/
http://move.to/PokemonGuru
http://www.angelfire.com/on/pokemon999
http://www.fsinet.or.jp/~pokesen/index.html
http://www2s.biglobe.ne.jp/~sugai-m/poke-home.html
http://lovetron.interspeed.net/screenshotmain1.html
http://www.pokemon3d.com/
http://www.geocities.com/TimesSquare/Dome/7616
http://www.expage.com/page/charizardpokemoncenter/
http://www.geocities.com/TimesSquare/Bunker/7115/frames.html
http://www.na.rim.or.jp/~shou/pokemon.html
http://thepojo.com
http://hobbiesplace.freeservers.com/
http://www.angelfire.com/ca2/MewSecretLair
http://www.geocities.co.jp/HeartLand-Namiki/7179/
http://www.hecklers.com/Pokemon/
http://members.aol.com/Steve75381/pokemon/
http://maxpages.com/pokefans/Pokemon_FAQ
http://atk007.hypermart.net/Pokemon/chat.html
http://www.geocities.com/TimesSquare/Cauldron/4234/index.html
http://members.xoom.com/gengar2/chat.htm
http://www.angelfire.com/mt/time/chat.html
http://www.angelfire.com/de/drmist/pokechat.html
http://www.geocities.com/TimesSquare/Bunker/7115/chat.html
http://www.geocities.com/TimesSquare/Corridor/1123/chat.htm
http://www.geocities.com/TimesSquare/Corridor/1123/chat2.htm
http://members.theglobe.com/ggg730/chatroom.html
http://www.angelfire.com/id/tr/chat.html
http://members.xoom.com/link200/pika.htm
http://www.magicpokemon.cjb.net
http://www.homestead.com/pikachu43/pokechat.html
http://www.quakeclan.net/mos/pokemonfarm/chat.html
http://www.angelfire.com/sc/ReyMIST/pokemonchat.html
http://www.angelfire.com/al2/pokemon212
http://members.xoom.com/ChatTifa/chat.htm
http://www.angelfire.com/biz3/hyperboyTW
http://zap.to/pokemonUSA
http://members.xoom.com/Pokemon07/chat.htm
http://www.upcomingmovies.com/mewtwo.html
http://www.geocities.com/Tokyo/Courtyard/2424
http://www.wittamens.u4l.com
http://www.crosswinds.net/~harlanff/
http://www.genxcollectibles.com/
http://www.geocities.co.jp/HeartLand-Namiki/7179/
http://www.buynovelty.com/
http://www.clippdesigns.com/
http://www.angelfire.com/in2/SuperSaiyans
http://www.190northstore.com/
http://www.francomfg.com/
http://www.geocities.com/Hollywood/8436/
http://www.geocities.com/TelevisionCity/5094/
http://pokedex.faithweb.com
http://www.pokeabode.com/
http://www.pokemon.com/
http://www.pokemon.com/games/stadium.html
http://www.pokemon.com/games/snap.html
http://www.pokemon.com/games/pinball.html
http://www.nintendo.com/gb/pokemon/index.html
http://www.geocities.com/~rworne/pokemon/pmonster.html
http://www.boosterbox.com/
http://www.ibutsu.com
http://www.francomfg.com/
http://www.toywiz.com/
http://www.toywiz.com/
http://www.francomfg.com/
http://www.francomfg.com/
http://www.pokemon.com/cards.html
http://www.homestead.com/charizardschat/pokemon.html
http://www.geocities.com/SiliconValley/Pines/4417/Pokemon.Html
http://www.newgrounds.com/assassin/pokemon/index.html
http://events.yahoo.com/Recreation/Games/Computer_Games/Pokemon
http://clubs.yahoo.com/Games/Computer___Video_Games/Genres/Role_Playing/Pokemon/
http://pokemonleague.net
http://clubs.yahoo.com/Games/Card_Games/Collectible_Card_Games/Pokemon/
http://homes.acmecity.com/pokemon/squirtle/388/index.html
http://homes.acmecity.com/pokemon/squirtle/388/index.html
http://www.angelfire.com/mn/pokemon003/chat.html
