http://www.replication.com
http://www.tapematic.com
http://www.replication.com
http://www.syware.com/datasync/datasync.htm
http://www.PeerDirect.com/
http://www.di.uminho.pt/~cbm/wmr96.html
http://www.mcs.net/~aaron/mememath.html
http://www.accessexcellence.org/AB/GG/influenza.html
http://www.MasterDisc.com
http://www.syware.com/datasync/datasync.htm
http://www.bio.umass.edu/biochem/simon/index.html
http://cpmcnet.columbia.edu/dept/luban_lab/
http://www.ags.com
http://www.goldenrom.com
http://www.cdpress.com
http://www.digitalforce.com
http://www.digital-oasis.co.uk
http://www.cmsduplication.com
http://www.esp-cd.com
http://www.failsafeinc.com
http://www.gatemusic.com
http://www.abbeytape.com/
http://www.merlinss.com/
http://www.mme.com.eg/
http://www.panasonicdvd.com/
http://www.saintmedia.com/
http://tachyon-tech.com
http://www.trace.com/
http://www.transitdigital.com
http://www.fischerartworks.com/
http://www.fsv.co.uk/
http://iccanet.com/
http://www.starbyte.com/starbyte.html
http://www.syndir.com/index2.html
http://www.techsonicscd.com
http://www.transmediatech.com
http://www.cdman.com
http://www.cdrinteractive.com
http://www.discmasters.com
http://www.duplisoft.com/
http://www.echodata.com/
http://www.image-src.com
http://www.gomrs.com
http://www.oasiscd.com/
http://www.rimage.com/
http://www.saicomm.com
http://www.saabconsulting.com
http://www.dbsg.com/
http://www.dbsg.com/
http://www.iti-pa.com
http://www.digitalbrothers.com
http://www.gatemusic.com
http://www.datamirror.com
http://www.linkpro.com/
http://www.castle.net/~knittuck/
http://good-morning.com/
http://www.shadow.net/~holodi/
http://www.vibrationresearch.com/
http://www.fischerartworks.com/
http://www.robinson-iron.com/
http://www.usod.com/
http://www.arrival-productions.com/
http://flosun.salk.edu/~forsburg/
http://www.bio.umass.edu/biochem/simon/index.html
http://www.4hometown.com
http://www.lionfox.com
http://www.discmasters.com
http://www.CDNDR.com/
http://www.1createamate.com/
http://www.zebra.net/~casper64/resume.html
http://www.erols.com/exie/linfeng.htm
http://flosun.salk.edu/~forsburg/
http://www.digitalsites.com
http://www.neonsoft.com/
http://www.octopustech.com/
http://www.maxdisk.com/
http://www.softpack.com/
http://www.softpack.com/
http://www.datadisc.com/
http://www.mburetta.com/
http://www.edp.com
http://www.scribesoft.com
http://www.edp.com
http://oak.cats.ohiou.edu/~biegalke/
http://www.gomrs.com
http://www.iti-pa.com
http://www.merlinss.com/
http://www.cdrinteractive.com
http://www.cdrom4u.com
http://www.cdoz.com.au
http://www.PeerDirect.com/
http://www.datadisc.com/
http://www.PeerDirect.com/
http://www.mme.com.eg/
http://www.biznet.com.my
http://www.wiredstudios.demon.co.uk
http://www.digital-oasis.co.uk
http://www.fsv.co.uk/
http://www.cdrom4u.com
http://www.cdpress.com
http://www.micrord.com/
http://www.cdpress.com
http://www.digital-oasis.co.uk
http://www.cdexperts.com
http://www.wiredstudios.demon.co.uk
http://www.erikarecords.com/
http://www.fsv.co.uk/
http://www.tiac.net/users/severino/
http://flosun.salk.edu/~forsburg/
http://www.trace.com/
http://www.fischerartworks.com/
http://www.fischerartworks.com/
http://www.discmasters.com
http://www.transmediatech.com
http://www.oasiscd.com/
http://www.cdman.com
http://www.saturn.ca
http://www.saintmedia.com/
http://www.genex.com
http://www.digivid.com/
http://www.vibrationresearch.com/
http://www.rimage.com/
http://www.scribesoft.com
http://www.esp-cd.com
http://cpmcnet.columbia.edu/dept/luban_lab/
http://www.echodata.com/
http://www.compactdisk.com
http://www.lionfox.com
http://www.cdman.com
http://www.mme.com.eg/
http://www.goldenrom.com
http://tachyon-tech.com
http://www.transitdigital.com
http://www.abbeytape.com/
http://www.saicomm.com
http://www.dbsg.com/
http://www.linkpro.com/
http://www.panasonicdvd.com/
http://www.digitalsites.com
http://www.syndir.com/index2.html
http://www.sangacorp.com/
http://www.CDNDR.com/
http://www.knr.net/
http://www.mburetta.com/
http://www.4hometown.com
http://www.bio.umass.edu/biochem/simon/index.html
http://www.knr.net/
http://www.image-src.com
http://www.robinson-iron.com/
http://www.digitalbrothers.com
http://www.ags.com
http://www.saabconsulting.com
http://www.SuperDD.com
http://www.failsafeinc.com
http://www.digitalforce.com
http://www.gilanet.com/amerabo
http://www.sentex.net/~bebop/
http://cust.iamerica.net/nativway/temp.htm
http://www.gilanet.com/amerabo
http://cust.iamerica.net/nativway/temp.htm
http://www.greatwar.com/replications/rmain.htm
http://www.greatwar.com/replications/rmain.htm
